
Allocating common symbols
Common symbol       size              file

CLIHexDebugMode     0x1               CMakeFiles/kiibohd.elf.dir/main.c.o
CLIHistoryCurrent   0x1               CMakeFiles/kiibohd.elf.dir/main.c.o
usb_rx_byte_count_data
                    0x14              CMakeFiles/kiibohd.elf.dir/Output/pjrcUSB/arm/usb_dev.c.o
USBInit_TimeEnd     0x4               CMakeFiles/kiibohd.elf.dir/Output/pjrcUSB/output_com.c.o
CLILEDState         0x1               CMakeFiles/kiibohd.elf.dir/main.c.o
CLIDictionariesUsed
                    0x1               CMakeFiles/kiibohd.elf.dir/main.c.o
Macro_rotationLayer
                    0x2               CMakeFiles/kiibohd.elf.dir/Macro/PartialMap/macro.c.o
CLIHistoryBuffer    0x3e8             CMakeFiles/kiibohd.elf.dir/main.c.o
USBKeys_SysCtrl     0x1               CMakeFiles/kiibohd.elf.dir/Output/pjrcUSB/output_com.c.o
Matrix_scanArray    0x1f8             CMakeFiles/kiibohd.elf.dir/Scan/MatrixARM/matrix_scan.c.o
CLILineBuffer       0x65              CMakeFiles/kiibohd.elf.dir/main.c.o
I2C_RxBufferPtr     0x12c             CMakeFiles/kiibohd.elf.dir/Scan/ISSILed/led_scan.c.o
macroTriggerListBuffer
                    0xd2              CMakeFiles/kiibohd.elf.dir/Macro/PartialMap/macro.c.o
ResultMacroRecordList
                    0x120             CMakeFiles/kiibohd.elf.dir/Macro/PartialMap/macro.c.o
CLIHistoryHead      0x1               CMakeFiles/kiibohd.elf.dir/main.c.o
USBInit_Ticks       0x2               CMakeFiles/kiibohd.elf.dir/Output/pjrcUSB/output_com.c.o
LayerState          0x3               CMakeFiles/kiibohd.elf.dir/Macro/PartialMap/macro.c.o
USBKeys_Keys        0x1b              CMakeFiles/kiibohd.elf.dir/Output/pjrcUSB/output_com.c.o
LED_pageBuffer      0x92              CMakeFiles/kiibohd.elf.dir/Scan/ISSILed/led_scan.c.o
macroTriggerListLayerCache
                    0x46              CMakeFiles/kiibohd.elf.dir/Macro/PartialMap/macro.c.o
I2C_TxBufferPtr     0x12c             CMakeFiles/kiibohd.elf.dir/Scan/ISSILed/led_scan.c.o
CLIDict             0x28              CMakeFiles/kiibohd.elf.dir/main.c.o
CLIHistoryTail      0x1               CMakeFiles/kiibohd.elf.dir/main.c.o
USBKeys_KeysCLI     0x1b              CMakeFiles/kiibohd.elf.dir/Output/pjrcUSB/output_com.c.o
CLIDictNames        0x28              CMakeFiles/kiibohd.elf.dir/main.c.o
USBInit_TimeStart   0x4               CMakeFiles/kiibohd.elf.dir/Output/pjrcUSB/output_com.c.o
CLILineBufferCurrent
                    0x1               CMakeFiles/kiibohd.elf.dir/main.c.o
USBKeys_ConsCtrl    0x2               CMakeFiles/kiibohd.elf.dir/Output/pjrcUSB/output_com.c.o
TriggerMacroRecordList
                    0xc8              CMakeFiles/kiibohd.elf.dir/Macro/PartialMap/macro.c.o

Discarded input sections

 .group         0x0000000000000000        0x8 CMakeFiles/kiibohd.elf.dir/main.c.o
 .group         0x0000000000000000        0x8 CMakeFiles/kiibohd.elf.dir/main.c.o
 .group         0x0000000000000000        0x8 CMakeFiles/kiibohd.elf.dir/main.c.o
 .group         0x0000000000000000        0x8 CMakeFiles/kiibohd.elf.dir/main.c.o
 .group         0x0000000000000000        0x8 CMakeFiles/kiibohd.elf.dir/main.c.o
 .group         0x0000000000000000        0x8 CMakeFiles/kiibohd.elf.dir/main.c.o
 .group         0x0000000000000000        0x8 CMakeFiles/kiibohd.elf.dir/main.c.o
 .group         0x0000000000000000        0x8 CMakeFiles/kiibohd.elf.dir/main.c.o
 .group         0x0000000000000000        0x8 CMakeFiles/kiibohd.elf.dir/main.c.o
 .group         0x0000000000000000        0x8 CMakeFiles/kiibohd.elf.dir/main.c.o
 .group         0x0000000000000000        0x8 CMakeFiles/kiibohd.elf.dir/main.c.o
 .group         0x0000000000000000        0x8 CMakeFiles/kiibohd.elf.dir/main.c.o
 .group         0x0000000000000000        0x8 CMakeFiles/kiibohd.elf.dir/main.c.o
 .text          0x0000000000000000        0x0 CMakeFiles/kiibohd.elf.dir/main.c.o
 .data          0x0000000000000000        0x0 CMakeFiles/kiibohd.elf.dir/main.c.o
 .bss           0x0000000000000000        0x0 CMakeFiles/kiibohd.elf.dir/main.c.o
 .group         0x0000000000000000        0x8 CMakeFiles/kiibohd.elf.dir/Lib/mk20dx.c.o
 .group         0x0000000000000000        0x8 CMakeFiles/kiibohd.elf.dir/Lib/mk20dx.c.o
 .group         0x0000000000000000        0x8 CMakeFiles/kiibohd.elf.dir/Lib/mk20dx.c.o
 .group         0x0000000000000000        0x8 CMakeFiles/kiibohd.elf.dir/Lib/mk20dx.c.o
 .group         0x0000000000000000        0x8 CMakeFiles/kiibohd.elf.dir/Lib/mk20dx.c.o
 .group         0x0000000000000000        0x8 CMakeFiles/kiibohd.elf.dir/Lib/mk20dx.c.o
 .group         0x0000000000000000        0x8 CMakeFiles/kiibohd.elf.dir/Lib/mk20dx.c.o
 .group         0x0000000000000000        0x8 CMakeFiles/kiibohd.elf.dir/Lib/mk20dx.c.o
 .group         0x0000000000000000        0x8 CMakeFiles/kiibohd.elf.dir/Lib/mk20dx.c.o
 .group         0x0000000000000000        0x8 CMakeFiles/kiibohd.elf.dir/Lib/mk20dx.c.o
[...]
Memory Configuration

Name             Origin             Length             Attributes
FLASH            0x0000000000002000 0x000000000003e000 xr
RAM              0x000000001fff8000 0x0000000000010000 xrw
*default*        0x0000000000000000 0xffffffffffffffff

Linker script and memory map

LOAD CMakeFiles/kiibohd.elf.dir/main.c.o
LOAD CMakeFiles/kiibohd.elf.dir/Lib/mk20dx.c.o
LOAD CMakeFiles/kiibohd.elf.dir/Lib/delay.c.o
LOAD CMakeFiles/kiibohd.elf.dir/Scan/ISSILed/led_scan.c.o
LOAD CMakeFiles/kiibohd.elf.dir/Scan/MatrixARM/matrix_scan.c.o
LOAD CMakeFiles/kiibohd.elf.dir/Scan/WhiteFox/scan_loop.c.o
LOAD CMakeFiles/kiibohd.elf.dir/Macro/PartialMap/macro.c.o
LOAD CMakeFiles/kiibohd.elf.dir/Macro/PartialMap/result.c.o
LOAD CMakeFiles/kiibohd.elf.dir/Macro/PartialMap/trigger.c.o
LOAD CMakeFiles/kiibohd.elf.dir/Output/pjrcUSB/output_com.c.o
LOAD CMakeFiles/kiibohd.elf.dir/Output/pjrcUSB/arm/usb_desc.c.o
LOAD CMakeFiles/kiibohd.elf.dir/Output/pjrcUSB/arm/usb_dev.c.o
LOAD CMakeFiles/kiibohd.elf.dir/Output/pjrcUSB/arm/usb_joystick.c.o
LOAD CMakeFiles/kiibohd.elf.dir/Output/pjrcUSB/arm/usb_keyboard.c.o
LOAD CMakeFiles/kiibohd.elf.dir/Output/pjrcUSB/arm/usb_mem.c.o
LOAD CMakeFiles/kiibohd.elf.dir/Output/pjrcUSB/arm/usb_mouse.c.o
LOAD CMakeFiles/kiibohd.elf.dir/Output/pjrcUSB/arm/usb_rawio.c.o
LOAD CMakeFiles/kiibohd.elf.dir/Output/pjrcUSB/arm/usb_serial.c.o
LOAD CMakeFiles/kiibohd.elf.dir/Debug/cli/cli.c.o
LOAD CMakeFiles/kiibohd.elf.dir/Debug/led/led.c.o
LOAD CMakeFiles/kiibohd.elf.dir/Debug/print/print.c.o

.text           0x0000000000002000     0x7914
                0x0000000000000000                . = 0x0
 *(.vectors)
 .vectors       0x0000000000002000      0x1bc CMakeFiles/kiibohd.elf.dir/Lib/mk20dx.c.o
                0x0000000000002000                gVectors
 *(.startup*)
 .startup       0x00000000000021bc      0x14c CMakeFiles/kiibohd.elf.dir/Lib/mk20dx.c.o
                0x00000000000021bc                ResetHandler
                0x0000000000000400                . = 0x400
 *fill*         0x0000000000002308       0xf8 
 *(.flashconfig)
 *(.text*)
 .text.startup.main
                0x0000000000002400       0x2c CMakeFiles/kiibohd.elf.dir/main.c.o
                0x0000000000002400                main
 .text.systick_default_isr
                0x000000000000242c       0x10 CMakeFiles/kiibohd.elf.dir/Lib/mk20dx.c.o
                0x000000000000242c                systick_isr
                0x000000000000242c                systick_default_isr
 .text.fault_isr
                0x000000000000243c       0x3c CMakeFiles/kiibohd.elf.dir/Lib/mk20dx.c.o
                0x000000000000243c                fault_isr
 .text.unused_isr
                0x0000000000002478        0x6 CMakeFiles/kiibohd.elf.dir/Lib/mk20dx.c.o
                0x0000000000002478                dma_ch0_isr
                0x0000000000002478                dma_ch6_isr
                0x0000000000002478                uart0_lon_isr
                0x0000000000002478                dma_ch8_isr
                0x0000000000002478                dma_error_isr
                0x0000000000002478                portd_isr
                0x0000000000002478                porte_isr
                0x0000000000002478                portb_isr
                0x0000000000002478                spi1_isr
                0x0000000000002478                uart3_status_isr
                0x0000000000002478                mcm_isr
                0x0000000000002478                uart1_status_isr
                0x0000000000002478                watchdog_isr
                0x0000000000002478                i2c1_isr
                0x0000000000002478                dma_ch11_isr
                0x0000000000002478                i2c2_isr
                0x0000000000002478                pit1_isr
                0x0000000000002478                dma_ch4_isr
                0x0000000000002478                software_isr
                0x0000000000002478                dma_ch7_isr
                0x0000000000002478                lptmr_isr
                0x0000000000002478                ftm2_isr
                0x0000000000002478                uart5_status_isr
                0x0000000000002478                dma_ch9_isr
                0x0000000000002478                pit2_isr
                0x0000000000002478                pit0_isr
                0x0000000000002478                can0_wakeup_isr
                0x0000000000002478                flash_cmd_isr
                0x0000000000002478                uart2_status_isr
                0x0000000000002478                svcall_isr
                0x0000000000002478                dma_ch15_isr
                0x0000000000002478                uart1_error_isr
                0x0000000000002478                unused_isr
                0x0000000000002478                spi0_isr
                0x0000000000002478                dma_ch3_isr
                0x0000000000002478                flash_error_isr
                0x0000000000002478                uart5_error_isr
                0x0000000000002478                rtc_seconds_isr
                0x0000000000002478                pdb_isr
                0x0000000000002478                dac1_isr
                0x0000000000002478                dma_ch14_isr
                0x0000000000002478                rtc_alarm_isr
                0x0000000000002478                dma_ch2_isr
                0x0000000000002478                ftm1_isr
                0x0000000000002478                dma_ch13_isr
                0x0000000000002478                uart2_error_isr
                0x0000000000002478                usb_charge_isr
                0x0000000000002478                cmt_isr
                0x0000000000002478                ftm3_isr
                0x0000000000002478                tsi0_isr
                0x0000000000002478                spi2_isr
                0x0000000000002478                can0_bus_off_isr
                0x0000000000002478                uart3_error_isr
                0x0000000000002478                porta_isr
                0x0000000000002478                low_voltage_isr
                0x0000000000002478                can0_error_isr
                0x0000000000002478                dma_ch12_isr
                0x0000000000002478                pit3_isr
                0x0000000000002478                portc_isr
                0x0000000000002478                debugmonitor_isr
                0x0000000000002478                cmp1_isr
                0x0000000000002478                ftm0_isr
                0x0000000000002478                i2s0_rx_isr
                0x0000000000002478                uart4_error_isr
                0x0000000000002478                can0_message_isr
                0x0000000000002478                sdhc_isr
                0x0000000000002478                dma_ch10_isr
                0x0000000000002478                uart0_error_isr
                0x0000000000002478                i2s0_tx_isr
                0x0000000000002478                adc1_isr
                0x0000000000002478                cmp0_isr
                0x0000000000002478                dac0_isr
                0x0000000000002478                uart0_status_isr
                0x0000000000002478                mcg_isr
                0x0000000000002478                dma_ch1_isr
                0x0000000000002478                dma_ch5_isr
                0x0000000000002478                can0_rx_warn_isr
                0x0000000000002478                can0_tx_warn_isr
                0x0000000000002478                uart4_status_isr
                0x0000000000002478                cmp2_isr
                0x0000000000002478                pendablesrvreq_isr
                0x0000000000002478                wakeup_isr
                0x0000000000002478                adc0_isr
 *fill*         0x000000000000247e        0x2 
 .text.nmi_default_isr
                0x0000000000002480        0xc CMakeFiles/kiibohd.elf.dir/Lib/mk20dx.c.o
                0x0000000000002480                nmi_isr
                0x0000000000002480                nmi_default_isr
 .text.hard_fault_default_isr
                0x000000000000248c       0x34 CMakeFiles/kiibohd.elf.dir/Lib/mk20dx.c.o
                0x000000000000248c                hard_fault_isr
                0x000000000000248c                hard_fault_default_isr
 .text.memmanage_fault_default_isr
                0x00000000000024c0       0x40 CMakeFiles/kiibohd.elf.dir/Lib/mk20dx.c.o
                0x00000000000024c0                memmanage_fault_default_isr
                0x00000000000024c0                memmanage_fault_isr
 .text.bus_fault_default_isr
                0x0000000000002500       0x40 CMakeFiles/kiibohd.elf.dir/Lib/mk20dx.c.o
                0x0000000000002500                bus_fault_isr
                0x0000000000002500                bus_fault_default_isr
 .text.usage_fault_default_isr
                0x0000000000002540       0x28 CMakeFiles/kiibohd.elf.dir/Lib/mk20dx.c.o
                0x0000000000002540                usage_fault_default_isr
                0x0000000000002540                usage_fault_isr
 .text.memset   0x0000000000002568       0x10 CMakeFiles/kiibohd.elf.dir/Lib/mk20dx.c.o
                0x0000000000002568                memset
 .text.memcpy   0x0000000000002578       0x18 CMakeFiles/kiibohd.elf.dir/Lib/mk20dx.c.o
                0x0000000000002578                memcpy
 .text.yield    0x0000000000002590        0x2 CMakeFiles/kiibohd.elf.dir/Lib/delay.c.o
                0x0000000000002590                yield
 *fill*         0x0000000000002592        0x2 
 .text.micros   0x0000000000002594       0x44 CMakeFiles/kiibohd.elf.dir/Lib/delay.c.o
                0x0000000000002594                micros
 .text.delay    0x00000000000025d8       0x26 CMakeFiles/kiibohd.elf.dir/Lib/delay.c.o
                0x00000000000025d8                delay
 .text.I2C_BufferLen
                0x00000000000025fe       0x14 CMakeFiles/kiibohd.elf.dir/Scan/ISSILed/led_scan.c.o
                0x00000000000025fe                I2C_BufferLen
 *fill*         0x0000000000002612        0x2 
 .text.I2C_BufferPush
                0x0000000000002614       0x60 CMakeFiles/kiibohd.elf.dir/Scan/ISSILed/led_scan.c.o
                0x0000000000002614                I2C_BufferPush
 .text.I2C_TxBufferPop
                0x0000000000002674       0xa4 CMakeFiles/kiibohd.elf.dir/Scan/ISSILed/led_scan.c.o
                0x0000000000002674                I2C_TxBufferPop
 .text.i2c0_isr
                0x0000000000002718      0x118 CMakeFiles/kiibohd.elf.dir/Scan/ISSILed/led_scan.c.o
                0x0000000000002718                i2c0_isr
 .text.I2C_Send
                0x0000000000002830       0xe0 CMakeFiles/kiibohd.elf.dir/Scan/ISSILed/led_scan.c.o
                0x0000000000002830                I2C_Send
 .text.LED_zeroPages
                0x0000000000002910       0x74 CMakeFiles/kiibohd.elf.dir/Scan/ISSILed/led_scan.c.o
                0x0000000000002910                LED_zeroPages
 .text.cliFunc_ledZero
                0x0000000000002984       0x1c CMakeFiles/kiibohd.elf.dir/Scan/ISSILed/led_scan.c.o
                0x0000000000002984                cliFunc_ledZero
 .text.LED_sendPage
                0x00000000000029a0       0x42 CMakeFiles/kiibohd.elf.dir/Scan/ISSILed/led_scan.c.o
                0x00000000000029a0                LED_sendPage
 *fill*         0x00000000000029e2        0x2 
 .text.cliFunc_ledTest
                0x00000000000029e4       0x20 CMakeFiles/kiibohd.elf.dir/Scan/ISSILed/led_scan.c.o
                0x00000000000029e4                cliFunc_ledTest
 .text.LED_writeReg
                0x0000000000002a04       0x4a CMakeFiles/kiibohd.elf.dir/Scan/ISSILed/led_scan.c.o
                0x0000000000002a04                LED_writeReg
 *fill*         0x0000000000002a4e        0x2 
 .text.LED_setup
                0x0000000000002a50       0xc4 CMakeFiles/kiibohd.elf.dir/Scan/ISSILed/led_scan.c.o
                0x0000000000002a50                LED_setup
 .text.cliFunc_ledStart
                0x0000000000002b14       0x34 CMakeFiles/kiibohd.elf.dir/Scan/ISSILed/led_scan.c.o
                0x0000000000002b14                cliFunc_ledStart
 .text.LED_readPage
                0x0000000000002b48       0x98 CMakeFiles/kiibohd.elf.dir/Scan/ISSILed/led_scan.c.o
                0x0000000000002b48                LED_readPage
 .text.cliFunc_ledRPage
                0x0000000000002be0       0x2c CMakeFiles/kiibohd.elf.dir/Scan/ISSILed/led_scan.c.o
                0x0000000000002be0                cliFunc_ledRPage
 .text.cliFunc_i2cSend
                0x0000000000002c0c       0x88 CMakeFiles/kiibohd.elf.dir/Scan/ISSILed/led_scan.c.o
                0x0000000000002c0c                cliFunc_i2cSend
 .text.cliFunc_i2cRecv
                0x0000000000002c94       0x88 CMakeFiles/kiibohd.elf.dir/Scan/ISSILed/led_scan.c.o
                0x0000000000002c94                cliFunc_i2cRecv
 .text.cliFunc_ledWPage
                0x0000000000002d1c       0x9a CMakeFiles/kiibohd.elf.dir/Scan/ISSILed/led_scan.c.o
                0x0000000000002d1c                cliFunc_ledWPage
 *fill*         0x0000000000002db6        0x2 
 .text.LED_scan
                0x0000000000002db8       0x28 CMakeFiles/kiibohd.elf.dir/Scan/ISSILed/led_scan.c.o
                0x0000000000002db8                LED_scan
 .text.LED_currentChange
                0x0000000000002de0        0xc CMakeFiles/kiibohd.elf.dir/Scan/ISSILed/led_scan.c.o
                0x0000000000002de0                LED_currentChange
 .text.LED_control
                0x0000000000002dec       0x98 CMakeFiles/kiibohd.elf.dir/Scan/ISSILed/led_scan.c.o
                0x0000000000002dec                LED_control
 .text.cliFunc_ledCtrl
                0x0000000000002e84       0x5c CMakeFiles/kiibohd.elf.dir/Scan/ISSILed/led_scan.c.o
                0x0000000000002e84                cliFunc_ledCtrl
 .text.LED_control_capability
                0x0000000000002ee0       0x48 CMakeFiles/kiibohd.elf.dir/Scan/ISSILed/led_scan.c.o
                0x0000000000002ee0                LED_control_capability
 .text.cliFunc_matrixInfo
                0x0000000000002f28       0x54 CMakeFiles/kiibohd.elf.dir/Scan/MatrixARM/matrix_scan.c.o
                0x0000000000002f28                cliFunc_matrixInfo
 .text.cliFunc_matrixState
                0x0000000000002f7c       0x24 CMakeFiles/kiibohd.elf.dir/Scan/MatrixARM/matrix_scan.c.o
                0x0000000000002f7c                cliFunc_matrixState
 .text.cliFunc_matrixDebug
                0x0000000000002fa0       0x5c CMakeFiles/kiibohd.elf.dir/Scan/MatrixARM/matrix_scan.c.o
                0x0000000000002fa0                cliFunc_matrixDebug
 .text.Matrix_pin
                0x0000000000002ffc       0xc8 CMakeFiles/kiibohd.elf.dir/Scan/MatrixARM/matrix_scan.c.o
                0x0000000000002ffc                Matrix_pin
 .text.Matrix_setup
                0x00000000000030c4       0x98 CMakeFiles/kiibohd.elf.dir/Scan/MatrixARM/matrix_scan.c.o
                0x00000000000030c4                Matrix_setup
 .text.Matrix_keyPositionDebug
                0x000000000000315c       0x38 CMakeFiles/kiibohd.elf.dir/Scan/MatrixARM/matrix_scan.c.o
                0x000000000000315c                Matrix_keyPositionDebug
 .text.Matrix_scan
                0x0000000000003194      0x2cc CMakeFiles/kiibohd.elf.dir/Scan/MatrixARM/matrix_scan.c.o
                0x0000000000003194                Matrix_scan
 .text.Matrix_currentChange
                0x0000000000003460        0x2 CMakeFiles/kiibohd.elf.dir/Scan/MatrixARM/matrix_scan.c.o
                0x0000000000003460                Matrix_currentChange
 *fill*         0x0000000000003462        0x2 
 .text.Scan_setup
                0x0000000000003464       0x18 CMakeFiles/kiibohd.elf.dir/Scan/WhiteFox/scan_loop.c.o
                0x0000000000003464                Scan_setup
 .text.Scan_loop
                0x000000000000347c       0x1c CMakeFiles/kiibohd.elf.dir/Scan/WhiteFox/scan_loop.c.o
                0x000000000000347c                Scan_loop
 .text.Scan_finishedWithMacro
                0x0000000000003498        0x2 CMakeFiles/kiibohd.elf.dir/Scan/WhiteFox/scan_loop.c.o
                0x0000000000003498                Scan_finishedWithMacro
 *fill*         0x000000000000349a        0x2 
 .text.Scan_finishedWithOutput
                0x000000000000349c        0xc CMakeFiles/kiibohd.elf.dir/Scan/WhiteFox/scan_loop.c.o
                0x000000000000349c                Scan_finishedWithOutput
 .text.Scan_currentChange
                0x00000000000034a8       0x12 CMakeFiles/kiibohd.elf.dir/Scan/WhiteFox/scan_loop.c.o
                0x00000000000034a8                Scan_currentChange
 *fill*         0x00000000000034ba        0x2 
 .text.cliFunc_capList
                0x00000000000034bc       0x58 CMakeFiles/kiibohd.elf.dir/Macro/PartialMap/macro.c.o
                0x00000000000034bc                cliFunc_capList
 .text.cliFunc_macroStep
                0x0000000000003514       0x28 CMakeFiles/kiibohd.elf.dir/Macro/PartialMap/macro.c.o
                0x0000000000003514                cliFunc_macroStep
 .text.cliFunc_capSelect
                0x000000000000353c      0x104 CMakeFiles/kiibohd.elf.dir/Macro/PartialMap/macro.c.o
                0x000000000000353c                cliFunc_capSelect
 .text.cliFunc_layerDebug
                0x0000000000003640       0x30 CMakeFiles/kiibohd.elf.dir/Macro/PartialMap/macro.c.o
                0x0000000000003640                cliFunc_layerDebug
 .text.cliFunc_layerState
                0x0000000000003670       0x68 CMakeFiles/kiibohd.elf.dir/Macro/PartialMap/macro.c.o
                0x0000000000003670                cliFunc_layerState
 .text.cliFunc_macroDebug
                0x00000000000036d8       0x30 CMakeFiles/kiibohd.elf.dir/Macro/PartialMap/macro.c.o
                0x00000000000036d8                cliFunc_macroDebug
 .text.cliFunc_macroProc
                0x0000000000003708       0x30 CMakeFiles/kiibohd.elf.dir/Macro/PartialMap/macro.c.o
                0x0000000000003708                cliFunc_macroProc
 .text.cliFunc_layerList
                0x0000000000003738       0x94 CMakeFiles/kiibohd.elf.dir/Macro/PartialMap/macro.c.o
                0x0000000000003738                cliFunc_layerList
 .text.cliFunc_macroList
                0x00000000000037cc      0x160 CMakeFiles/kiibohd.elf.dir/Macro/PartialMap/macro.c.o
                0x00000000000037cc                cliFunc_macroList
 .text.Macro_layerState
                0x000000000000392c       0xd0 CMakeFiles/kiibohd.elf.dir/Macro/PartialMap/macro.c.o
                0x000000000000392c                Macro_layerState
 .text.Macro_layerState_capability
                0x00000000000039fc       0x24 CMakeFiles/kiibohd.elf.dir/Macro/PartialMap/macro.c.o
                0x00000000000039fc                Macro_layerState_capability
 .text.Macro_layerLatch_capability
                0x0000000000003a20       0x24 CMakeFiles/kiibohd.elf.dir/Macro/PartialMap/macro.c.o
                0x0000000000003a20                Macro_layerLatch_capability
 .text.Macro_layerLock_capability
                0x0000000000003a44       0x24 CMakeFiles/kiibohd.elf.dir/Macro/PartialMap/macro.c.o
                0x0000000000003a44                Macro_layerLock_capability
 .text.Macro_layerShift_capability
                0x0000000000003a68       0x24 CMakeFiles/kiibohd.elf.dir/Macro/PartialMap/macro.c.o
                0x0000000000003a68                Macro_layerShift_capability
 .text.Macro_layerRotate_capability
                0x0000000000003a8c       0x70 CMakeFiles/kiibohd.elf.dir/Macro/PartialMap/macro.c.o
                0x0000000000003a8c                Macro_layerRotate_capability
 .text.Macro_layerLookup
                0x0000000000003afc      0x11c CMakeFiles/kiibohd.elf.dir/Macro/PartialMap/macro.c.o
                0x0000000000003afc                Macro_layerLookup
 .text.Macro_keyState
                0x0000000000003c18       0x50 CMakeFiles/kiibohd.elf.dir/Macro/PartialMap/macro.c.o
                0x0000000000003c18                Macro_keyState
 .text.cliFunc_keyHold
                0x0000000000003c68       0x2e CMakeFiles/kiibohd.elf.dir/Macro/PartialMap/macro.c.o
                0x0000000000003c68                cliFunc_keyHold
 .text.cliFunc_keyPress
                0x0000000000003c96       0x2e CMakeFiles/kiibohd.elf.dir/Macro/PartialMap/macro.c.o
                0x0000000000003c96                cliFunc_keyPress
 .text.cliFunc_keyRelease
                0x0000000000003cc4       0x2e CMakeFiles/kiibohd.elf.dir/Macro/PartialMap/macro.c.o
                0x0000000000003cc4                cliFunc_keyRelease
 *fill*         0x0000000000003cf2        0x2 
 .text.Macro_appendResultMacroToPendingList
                0x0000000000003cf4       0x94 CMakeFiles/kiibohd.elf.dir/Macro/PartialMap/macro.c.o
                0x0000000000003cf4                Macro_appendResultMacroToPendingList
 .text.Macro_process
                0x0000000000003d88       0x60 CMakeFiles/kiibohd.elf.dir/Macro/PartialMap/macro.c.o
                0x0000000000003d88                Macro_process
 .text.Macro_setup
                0x0000000000003de8       0x48 CMakeFiles/kiibohd.elf.dir/Macro/PartialMap/macro.c.o
                0x0000000000003de8                Macro_setup
 .text.macroDebugShowTrigger
                0x0000000000003e30      0x110 CMakeFiles/kiibohd.elf.dir/Macro/PartialMap/macro.c.o
                0x0000000000003e30                macroDebugShowTrigger
 .text.macroDebugShowResult
                0x0000000000003f40      0x174 CMakeFiles/kiibohd.elf.dir/Macro/PartialMap/macro.c.o
                0x0000000000003f40                macroDebugShowResult
 .text.cliFunc_macroShow
                0x00000000000040b4       0x3e CMakeFiles/kiibohd.elf.dir/Macro/PartialMap/macro.c.o
                0x00000000000040b4                cliFunc_macroShow
 *fill*         0x00000000000040f2        0x2 
 .text.Result_setup
                0x00000000000040f4       0x1c CMakeFiles/kiibohd.elf.dir/Macro/PartialMap/result.c.o
                0x00000000000040f4                Result_setup
 .text.Result_process
                0x0000000000004110       0xb0 CMakeFiles/kiibohd.elf.dir/Macro/PartialMap/result.c.o
                0x0000000000004110                Result_process
 .text.Macro_evalTriggerMacro
                0x00000000000041c0      0x260 CMakeFiles/kiibohd.elf.dir/Macro/PartialMap/trigger.c.o
                0x00000000000041c0                Macro_evalTriggerMacro
 .text.Trigger_setup
                0x0000000000004420       0x1c CMakeFiles/kiibohd.elf.dir/Macro/PartialMap/trigger.c.o
                0x0000000000004420                Trigger_setup
 .text.Trigger_process
                0x000000000000443c       0xf8 CMakeFiles/kiibohd.elf.dir/Macro/PartialMap/trigger.c.o
                0x000000000000443c                Trigger_process
 .text.cliFunc_sendKeys
                0x0000000000004534       0x24 CMakeFiles/kiibohd.elf.dir/Output/pjrcUSB/output_com.c.o
                0x0000000000004534                cliFunc_sendKeys
 .text.cliFunc_kbdProtocol
                0x0000000000004558       0x28 CMakeFiles/kiibohd.elf.dir/Output/pjrcUSB/output_com.c.o
                0x0000000000004558                cliFunc_kbdProtocol
 .text.cliFunc_readLEDs
                0x0000000000004580       0x28 CMakeFiles/kiibohd.elf.dir/Output/pjrcUSB/output_com.c.o
                0x0000000000004580                cliFunc_readLEDs
 .text.cliFunc_setKeys
                0x00000000000045a8       0x34 CMakeFiles/kiibohd.elf.dir/Output/pjrcUSB/output_com.c.o
                0x00000000000045a8                cliFunc_setKeys
 .text.cliFunc_outputDebug
                0x00000000000045dc       0x24 CMakeFiles/kiibohd.elf.dir/Output/pjrcUSB/output_com.c.o
                0x00000000000045dc                cliFunc_outputDebug
 .text.cliFunc_setMod
                0x0000000000004600       0x20 CMakeFiles/kiibohd.elf.dir/Output/pjrcUSB/output_com.c.o
                0x0000000000004600                cliFunc_setMod
 .text.cliFunc_usbInitTime
                0x0000000000004620       0x54 CMakeFiles/kiibohd.elf.dir/Output/pjrcUSB/output_com.c.o
                0x0000000000004620                cliFunc_usbInitTime
 .text.Output_consCtrlSend_capability
                0x0000000000004674       0x58 CMakeFiles/kiibohd.elf.dir/Output/pjrcUSB/output_com.c.o
                0x0000000000004674                Output_consCtrlSend_capability
 .text.Output_noneSend_capability
                0x00000000000046cc       0x14 CMakeFiles/kiibohd.elf.dir/Output/pjrcUSB/output_com.c.o
                0x00000000000046cc                Output_noneSend_capability
 .text.Output_sysCtrlSend_capability
                0x00000000000046e0       0x58 CMakeFiles/kiibohd.elf.dir/Output/pjrcUSB/output_com.c.o
                0x00000000000046e0                Output_sysCtrlSend_capability
 .text.Output_flashMode_capability
                0x0000000000004738       0x18 CMakeFiles/kiibohd.elf.dir/Output/pjrcUSB/output_com.c.o
                0x0000000000004738                Output_flashMode_capability
 .text.Output_usbMouse_capability
                0x0000000000004750       0x84 CMakeFiles/kiibohd.elf.dir/Output/pjrcUSB/output_com.c.o
                0x0000000000004750                Output_usbMouse_capability
 .text.Output_flushBuffers
                0x00000000000047d4       0x2c CMakeFiles/kiibohd.elf.dir/Output/pjrcUSB/output_com.c.o
                0x00000000000047d4                Output_flushBuffers
 .text.Output_kbdProtocolBoot_capability
                0x0000000000004800       0x30 CMakeFiles/kiibohd.elf.dir/Output/pjrcUSB/output_com.c.o
                0x0000000000004800                Output_kbdProtocolBoot_capability
 .text.Output_kbdProtocolNKRO_capability
                0x0000000000004830       0x34 CMakeFiles/kiibohd.elf.dir/Output/pjrcUSB/output_com.c.o
                0x0000000000004830                Output_kbdProtocolNKRO_capability
 .text.Output_toggleKbdProtocol_capability
                0x0000000000004864       0x34 CMakeFiles/kiibohd.elf.dir/Output/pjrcUSB/output_com.c.o
                0x0000000000004864                Output_toggleKbdProtocol_capability
 .text.Output_usbCodeSend_capability
                0x0000000000004898      0x1cc CMakeFiles/kiibohd.elf.dir/Output/pjrcUSB/output_com.c.o
                0x0000000000004898                Output_usbCodeSend_capability
 .text.Output_setup
                0x0000000000004a64       0x20 CMakeFiles/kiibohd.elf.dir/Output/pjrcUSB/output_com.c.o
                0x0000000000004a64                Output_setup
 .text.Output_send
                0x0000000000004a84       0x74 CMakeFiles/kiibohd.elf.dir/Output/pjrcUSB/output_com.c.o
                0x0000000000004a84                Output_send
 .text.Output_availablechar
                0x0000000000004af8        0x4 CMakeFiles/kiibohd.elf.dir/Output/pjrcUSB/output_com.c.o
                0x0000000000004af8                Output_availablechar
 .text.Output_getchar
                0x0000000000004afc        0x4 CMakeFiles/kiibohd.elf.dir/Output/pjrcUSB/output_com.c.o
                0x0000000000004afc                Output_getchar
 .text.Output_putstr
                0x0000000000004b00       0x10 CMakeFiles/kiibohd.elf.dir/Output/pjrcUSB/output_com.c.o
                0x0000000000004b00                Output_putstr
 .text.Output_softReset
                0x0000000000004b10       0x10 CMakeFiles/kiibohd.elf.dir/Output/pjrcUSB/output_com.c.o
                0x0000000000004b10                Output_softReset
 .text.Output_current_available
                0x0000000000004b20       0x18 CMakeFiles/kiibohd.elf.dir/Output/pjrcUSB/output_com.c.o
                0x0000000000004b20                Output_current_available
 .text.Output_update_usb_current
                0x0000000000004b38       0x20 CMakeFiles/kiibohd.elf.dir/Output/pjrcUSB/output_com.c.o
                0x0000000000004b38                Output_update_usb_current
 .text.usb_set_config_descriptor_size
                0x0000000000004b58       0x10 CMakeFiles/kiibohd.elf.dir/Output/pjrcUSB/arm/usb_desc.c.o
                0x0000000000004b58                usb_set_config_descriptor_size
 .text.endpoint0_transmit
                0x0000000000004b68       0x40 CMakeFiles/kiibohd.elf.dir/Output/pjrcUSB/arm/usb_dev.c.o
 .text.usb_device_check
                0x0000000000004ba8       0x30 CMakeFiles/kiibohd.elf.dir/Output/pjrcUSB/arm/usb_dev.c.o
                0x0000000000004ba8                usb_device_check
 .text.usb_rx   0x0000000000004bd8       0x38 CMakeFiles/kiibohd.elf.dir/Output/pjrcUSB/arm/usb_dev.c.o
                0x0000000000004bd8                usb_rx
 .text.usb_tx_packet_count
                0x0000000000004c10       0x24 CMakeFiles/kiibohd.elf.dir/Output/pjrcUSB/arm/usb_dev.c.o
                0x0000000000004c10                usb_tx_packet_count
 .text.usb_rx_memory
                0x0000000000004c34       0x78 CMakeFiles/kiibohd.elf.dir/Output/pjrcUSB/arm/usb_dev.c.o
                0x0000000000004c34                usb_rx_memory
 .text.usb_resume
                0x0000000000004cac       0x40 CMakeFiles/kiibohd.elf.dir/Output/pjrcUSB/arm/usb_dev.c.o
                0x0000000000004cac                usb_resume
 .text.usb_tx   0x0000000000004cec       0xa4 CMakeFiles/kiibohd.elf.dir/Output/pjrcUSB/arm/usb_dev.c.o
                0x0000000000004cec                usb_tx
 .text.usb_device_reload
                0x0000000000004d90       0x34 CMakeFiles/kiibohd.elf.dir/Output/pjrcUSB/arm/usb_dev.c.o
                0x0000000000004d90                usb_device_reload
 .text.usb_isr  0x0000000000004dc4      0x830 CMakeFiles/kiibohd.elf.dir/Output/pjrcUSB/arm/usb_dev.c.o
                0x0000000000004dc4                usb_isr
 .text.usb_init
                0x00000000000055f4       0xcc CMakeFiles/kiibohd.elf.dir/Output/pjrcUSB/arm/usb_dev.c.o
                0x00000000000055f4                usb_init
 .text.usb_keyboard_send
                0x00000000000056c0      0x2c8 CMakeFiles/kiibohd.elf.dir/Output/pjrcUSB/arm/usb_keyboard.c.o
                0x00000000000056c0                usb_keyboard_send
 .text.usb_malloc
                0x0000000000005988       0x3c CMakeFiles/kiibohd.elf.dir/Output/pjrcUSB/arm/usb_mem.c.o
                0x0000000000005988                usb_malloc
 .text.usb_free
                0x00000000000059c4       0x44 CMakeFiles/kiibohd.elf.dir/Output/pjrcUSB/arm/usb_mem.c.o
                0x00000000000059c4                usb_free
 .text.usb_mouse_send
                0x0000000000005a08       0xa8 CMakeFiles/kiibohd.elf.dir/Output/pjrcUSB/arm/usb_mouse.c.o
                0x0000000000005a08                usb_mouse_send
 .text.usb_serial_getchar
                0x0000000000005ab0       0x4c CMakeFiles/kiibohd.elf.dir/Output/pjrcUSB/arm/usb_serial.c.o
                0x0000000000005ab0                usb_serial_getchar
 .text.usb_serial_available
                0x0000000000005afc       0x1c CMakeFiles/kiibohd.elf.dir/Output/pjrcUSB/arm/usb_serial.c.o
                0x0000000000005afc                usb_serial_available
 .text.usb_serial_write
                0x0000000000005b18       0xd0 CMakeFiles/kiibohd.elf.dir/Output/pjrcUSB/arm/usb_serial.c.o
                0x0000000000005b18                usb_serial_write
 .text.usb_serial_flush_callback
                0x0000000000005be8       0x48 CMakeFiles/kiibohd.elf.dir/Output/pjrcUSB/arm/usb_serial.c.o
                0x0000000000005be8                usb_serial_flush_callback
 .text.cliFunc_clear
                0x0000000000005c30        0xc CMakeFiles/kiibohd.elf.dir/Debug/cli/cli.c.o
                0x0000000000005c30                cliFunc_clear
 .text.cliFunc_reload
                0x0000000000005c3c       0x24 CMakeFiles/kiibohd.elf.dir/Debug/cli/cli.c.o
                0x0000000000005c3c                cliFunc_reload
 .text.cliFunc_reset
                0x0000000000005c60        0xc CMakeFiles/kiibohd.elf.dir/Debug/cli/cli.c.o
                0x0000000000005c60                cliFunc_reset
 .text.cliFunc_help
                0x0000000000005c6c       0xb0 CMakeFiles/kiibohd.elf.dir/Debug/cli/cli.c.o
                0x0000000000005c6c                cliFunc_help
 .text.cliFunc_led
                0x0000000000005d1c       0x14 CMakeFiles/kiibohd.elf.dir/Debug/cli/cli.c.o
                0x0000000000005d1c                cliFunc_led
 .text.cliFunc_restart
                0x0000000000005d30        0x4 CMakeFiles/kiibohd.elf.dir/Debug/cli/cli.c.o
                0x0000000000005d30                cliFunc_restart
 .text.cliFunc_version
                0x0000000000005d34       0xd4 CMakeFiles/kiibohd.elf.dir/Debug/cli/cli.c.o
                0x0000000000005d34                cliFunc_version
 .text.cliFunc_cliDebug
                0x0000000000005e08       0x38 CMakeFiles/kiibohd.elf.dir/Debug/cli/cli.c.o
                0x0000000000005e08                cliFunc_cliDebug
 .text.CLI_argumentIsolation
                0x0000000000005e40       0x24 CMakeFiles/kiibohd.elf.dir/Debug/cli/cli.c.o
                0x0000000000005e40                CLI_argumentIsolation
 .text.CLI_commandLookup
                0x0000000000005e64       0xc4 CMakeFiles/kiibohd.elf.dir/Debug/cli/cli.c.o
                0x0000000000005e64                CLI_commandLookup
 .text.CLI_registerDictionary
                0x0000000000005f28       0x38 CMakeFiles/kiibohd.elf.dir/Debug/cli/cli.c.o
                0x0000000000005f28                CLI_registerDictionary
 .text.CLI_init
                0x0000000000005f60       0x68 CMakeFiles/kiibohd.elf.dir/Debug/cli/cli.c.o
                0x0000000000005f60                CLI_init
 .text.CLI_tabCompletion
                0x0000000000005fc8       0xc0 CMakeFiles/kiibohd.elf.dir/Debug/cli/cli.c.o
                0x0000000000005fc8                CLI_tabCompletion
 .text.CLI_wrap
                0x0000000000006088       0x28 CMakeFiles/kiibohd.elf.dir/Debug/cli/cli.c.o
                0x0000000000006088                CLI_wrap
 .text.CLI_saveHistory
                0x00000000000060b0       0x50 CMakeFiles/kiibohd.elf.dir/Debug/cli/cli.c.o
                0x00000000000060b0                CLI_saveHistory
 .text.CLI_retreiveHistory
                0x0000000000006100       0x50 CMakeFiles/kiibohd.elf.dir/Debug/cli/cli.c.o
                0x0000000000006100                CLI_retreiveHistory
 .text.CLI_process
                0x0000000000006150      0x214 CMakeFiles/kiibohd.elf.dir/Debug/cli/cli.c.o
                0x0000000000006150                CLI_process
 .text.init_errorLED
                0x0000000000006364       0x1c CMakeFiles/kiibohd.elf.dir/Debug/led/led.c.o
                0x0000000000006364                init_errorLED
 .text.errorLED
                0x0000000000006380       0x1c CMakeFiles/kiibohd.elf.dir/Debug/led/led.c.o
                0x0000000000006380                errorLED
 .text.printstrs
                0x000000000000639c       0x34 CMakeFiles/kiibohd.elf.dir/Debug/print/print.c.o
                0x000000000000639c                printstrs
 .text._print   0x00000000000063d0        0x4 CMakeFiles/kiibohd.elf.dir/Debug/print/print.c.o
                0x00000000000063d0                _print
 .text.lenStr   0x00000000000063d4       0x12 CMakeFiles/kiibohd.elf.dir/Debug/print/print.c.o
                0x00000000000063d4                lenStr
 .text.revsStr  0x00000000000063e6       0x20 CMakeFiles/kiibohd.elf.dir/Debug/print/print.c.o
                0x00000000000063e6                revsStr
 .text.int8ToStr
                0x0000000000006406       0x28 CMakeFiles/kiibohd.elf.dir/Debug/print/print.c.o
                0x0000000000006406                int8ToStr
 .text.printInt8
                0x000000000000642e       0x14 CMakeFiles/kiibohd.elf.dir/Debug/print/print.c.o
                0x000000000000642e                printInt8
 .text.int16ToStr
                0x0000000000006442       0x28 CMakeFiles/kiibohd.elf.dir/Debug/print/print.c.o
                0x0000000000006442                int16ToStr
 .text.printInt16
                0x000000000000646a       0x14 CMakeFiles/kiibohd.elf.dir/Debug/print/print.c.o
                0x000000000000646a                printInt16
 .text.int32ToStr
                0x000000000000647e       0x2a CMakeFiles/kiibohd.elf.dir/Debug/print/print.c.o
                0x000000000000647e                int32ToStr
 .text.printInt32
                0x00000000000064a8       0x14 CMakeFiles/kiibohd.elf.dir/Debug/print/print.c.o
                0x00000000000064a8                printInt32
 .text.hexToStr_op
                0x00000000000064bc       0x58 CMakeFiles/kiibohd.elf.dir/Debug/print/print.c.o
                0x00000000000064bc                hexToStr_op
 .text.printHex_op
                0x0000000000006514       0x16 CMakeFiles/kiibohd.elf.dir/Debug/print/print.c.o
                0x0000000000006514                printHex_op
 .text.hex32ToStr_op
                0x000000000000652a       0x62 CMakeFiles/kiibohd.elf.dir/Debug/print/print.c.o
                0x000000000000652a                hex32ToStr_op
 .text.printHex32_op
                0x000000000000658c       0x16 CMakeFiles/kiibohd.elf.dir/Debug/print/print.c.o
                0x000000000000658c                printHex32_op
 .text.eqStr    0x00000000000065a2       0x2a CMakeFiles/kiibohd.elf.dir/Debug/print/print.c.o
                0x00000000000065a2                eqStr
 .text.numToInt
                0x00000000000065cc       0x84 CMakeFiles/kiibohd.elf.dir/Debug/print/print.c.o
                0x00000000000065cc                numToInt
 *(.rodata*)
 .rodata.str1.1
                0x0000000000006650       0x8e CMakeFiles/kiibohd.elf.dir/Lib/mk20dx.c.o
                                         0x91 (size before relaxing)
 .rodata.sys_reset_to_loader_magic
                0x00000000000066de       0x16 CMakeFiles/kiibohd.elf.dir/Lib/mk20dx.c.o
                0x00000000000066de                sys_reset_to_loader_magic
 .rodata        0x00000000000066f4        0x3 CMakeFiles/kiibohd.elf.dir/Scan/ISSILed/led_scan.c.o
 .rodata.ledWPageCLIDict_DescEntry
                0x00000000000066f7       0x4a CMakeFiles/kiibohd.elf.dir/Scan/ISSILed/led_scan.c.o
                0x00000000000066f7                ledWPageCLIDict_DescEntry
 .rodata.ledTestCLIDict_DescEntry
                0x0000000000006741       0x18 CMakeFiles/kiibohd.elf.dir/Scan/ISSILed/led_scan.c.o
                0x0000000000006741                ledTestCLIDict_DescEntry
 *fill*         0x0000000000006759        0x3 
 .rodata.ledCLIDict
                0x000000000000675c       0x6c CMakeFiles/kiibohd.elf.dir/Scan/ISSILed/led_scan.c.o
                0x000000000000675c                ledCLIDict
 .rodata.ledRPageCLIDict_DescEntry
                0x00000000000067c8       0x1e CMakeFiles/kiibohd.elf.dir/Scan/ISSILed/led_scan.c.o
                0x00000000000067c8                ledRPageCLIDict_DescEntry
 .rodata.ledStartCLIDict_DescEntry
                0x00000000000067e6       0x1b CMakeFiles/kiibohd.elf.dir/Scan/ISSILed/led_scan.c.o
                0x00000000000067e6                ledStartCLIDict_DescEntry
 .rodata.str1.1
                0x0000000000006801      0x1ef CMakeFiles/kiibohd.elf.dir/Scan/ISSILed/led_scan.c.o
                                        0x1f4 (size before relaxing)
 .rodata.ledCtrlCLIDict_DescEntry
                0x00000000000069f0       0x33 CMakeFiles/kiibohd.elf.dir/Scan/ISSILed/led_scan.c.o
                0x00000000000069f0                ledCtrlCLIDict_DescEntry
 .rodata.LED_defaultBrightness1
                0x0000000000006a23       0x92 CMakeFiles/kiibohd.elf.dir/Scan/ISSILed/led_scan.c.o
                0x0000000000006a23                LED_defaultBrightness1
 .rodata.ledZeroCLIDict_DescEntry
                0x0000000000006ab5       0x31 CMakeFiles/kiibohd.elf.dir/Scan/ISSILed/led_scan.c.o
                0x0000000000006ab5                ledZeroCLIDict_DescEntry
 .rodata.i2cRecvCLIDict_DescEntry
                0x0000000000006ae6       0x79 CMakeFiles/kiibohd.elf.dir/Scan/ISSILed/led_scan.c.o
                0x0000000000006ae6                i2cRecvCLIDict_DescEntry
 .rodata.i2cSendCLIDict_DescEntry
                0x0000000000006b5f       0x44 CMakeFiles/kiibohd.elf.dir/Scan/ISSILed/led_scan.c.o
                0x0000000000006b5f                i2cSendCLIDict_DescEntry
 .rodata.LED_ledEnableMask1
                0x0000000000006ba3       0x14 CMakeFiles/kiibohd.elf.dir/Scan/ISSILed/led_scan.c.o
                0x0000000000006ba3                LED_ledEnableMask1
 .rodata.ledCLIDictName
                0x0000000000006bb7       0x19 CMakeFiles/kiibohd.elf.dir/Scan/ISSILed/led_scan.c.o
                0x0000000000006bb7                ledCLIDictName
 .rodata.matrixDebugCLIDict_DescEntry
                0x0000000000006bd0       0x86 CMakeFiles/kiibohd.elf.dir/Scan/MatrixARM/matrix_scan.c.o
                0x0000000000006bd0                matrixDebugCLIDict_DescEntry
 .rodata.str1.1
                0x0000000000006c56      0x1ce CMakeFiles/kiibohd.elf.dir/Scan/MatrixARM/matrix_scan.c.o
                                        0x1d8 (size before relaxing)
 .rodata.matrixStateCLIDict_DescEntry
                0x0000000000006e24       0x9a CMakeFiles/kiibohd.elf.dir/Scan/MatrixARM/matrix_scan.c.o
                0x0000000000006e24                matrixStateCLIDict_DescEntry
 .rodata.matrixInfoCLIDict_DescEntry
                0x0000000000006ebe       0x28 CMakeFiles/kiibohd.elf.dir/Scan/MatrixARM/matrix_scan.c.o
                0x0000000000006ebe                matrixInfoCLIDict_DescEntry
 .rodata.matrixCLIDictName
                0x0000000000006ee6       0x17 CMakeFiles/kiibohd.elf.dir/Scan/MatrixARM/matrix_scan.c.o
                0x0000000000006ee6                matrixCLIDictName
 *fill*         0x0000000000006efd        0x3 
 .rodata.matrixCLIDict
                0x0000000000006f00       0x30 CMakeFiles/kiibohd.elf.dir/Scan/MatrixARM/matrix_scan.c.o
                0x0000000000006f00                matrixCLIDict
 .rodata.default_tl_0x2B
                0x0000000000006f30        0x8 CMakeFiles/kiibohd.elf.dir/Macro/PartialMap/macro.c.o
                0x0000000000006f30                default_tl_0x2B
 .rodata.default_tl_0x2C
                0x0000000000006f38        0x8 CMakeFiles/kiibohd.elf.dir/Macro/PartialMap/macro.c.o
                0x0000000000006f38                default_tl_0x2C
 .rodata.default_tl_0x2D
                0x0000000000006f40        0x8 CMakeFiles/kiibohd.elf.dir/Macro/PartialMap/macro.c.o
                0x0000000000006f40                default_tl_0x2D
 .rodata.default_tl_0x2E
                0x0000000000006f48        0x8 CMakeFiles/kiibohd.elf.dir/Macro/PartialMap/macro.c.o
                0x0000000000006f48                default_tl_0x2E
 .rodata.default_tl_0x2F
                0x0000000000006f50        0x8 CMakeFiles/kiibohd.elf.dir/Macro/PartialMap/macro.c.o
                0x0000000000006f50                default_tl_0x2F
 .rodata.tm24_guide
                0x0000000000006f58        0x5 CMakeFiles/kiibohd.elf.dir/Macro/PartialMap/macro.c.o
                0x0000000000006f58                tm24_guide
 .rodata.rm40_guide
                0x0000000000006f5d        0x4 CMakeFiles/kiibohd.elf.dir/Macro/PartialMap/macro.c.o
                0x0000000000006f5d                rm40_guide
 .rodata.rm92_guide
                0x0000000000006f61        0x3 CMakeFiles/kiibohd.elf.dir/Macro/PartialMap/macro.c.o
                0x0000000000006f61                rm92_guide
 .rodata.default_tl_0x41
                0x0000000000006f64        0x8 CMakeFiles/kiibohd.elf.dir/Macro/PartialMap/macro.c.o
                0x0000000000006f64                default_tl_0x41
 .rodata.rm64_guide
                0x0000000000006f6c        0x4 CMakeFiles/kiibohd.elf.dir/Macro/PartialMap/macro.c.o
                0x0000000000006f6c                rm64_guide
 .rodata.default_tl_0x43
                0x0000000000006f70        0x8 CMakeFiles/kiibohd.elf.dir/Macro/PartialMap/macro.c.o
                0x0000000000006f70                default_tl_0x43
 .rodata.rm36_guide
                0x0000000000006f78        0x4 CMakeFiles/kiibohd.elf.dir/Macro/PartialMap/macro.c.o
                0x0000000000006f78                rm36_guide
 .rodata.default_tl_0x44
                0x0000000000006f7c        0x8 CMakeFiles/kiibohd.elf.dir/Macro/PartialMap/macro.c.o
                0x0000000000006f7c                default_tl_0x44
 .rodata.default_tl_0x45
                0x0000000000006f84        0x8 CMakeFiles/kiibohd.elf.dir/Macro/PartialMap/macro.c.o
                0x0000000000006f84                default_tl_0x45
 .rodata.default_tl_0x46
                0x0000000000006f8c        0x8 CMakeFiles/kiibohd.elf.dir/Macro/PartialMap/macro.c.o
                0x0000000000006f8c                default_tl_0x46
 .rodata.rm3_guide
                0x0000000000006f94        0x4 CMakeFiles/kiibohd.elf.dir/Macro/PartialMap/macro.c.o
                0x0000000000006f94                rm3_guide
 .rodata.macroCLIDictName
                0x0000000000006f98       0x16 CMakeFiles/kiibohd.elf.dir/Macro/PartialMap/macro.c.o
                0x0000000000006f98                macroCLIDictName
 .rodata.tm41_guide
                0x0000000000006fae        0x5 CMakeFiles/kiibohd.elf.dir/Macro/PartialMap/macro.c.o
                0x0000000000006fae                tm41_guide
 .rodata.tm93_guide
                0x0000000000006fb3        0x5 CMakeFiles/kiibohd.elf.dir/Macro/PartialMap/macro.c.o
                0x0000000000006fb3                tm93_guide
 .rodata.keyReleaseCLIDict_DescEntry
                0x0000000000006fb8       0x6b CMakeFiles/kiibohd.elf.dir/Macro/PartialMap/macro.c.o
                0x0000000000006fb8                keyReleaseCLIDict_DescEntry
 .rodata.tm65_guide
                0x0000000000007023        0x5 CMakeFiles/kiibohd.elf.dir/Macro/PartialMap/macro.c.o
                0x0000000000007023                tm65_guide
 .rodata.tm2_guide
                0x0000000000007028        0x5 CMakeFiles/kiibohd.elf.dir/Macro/PartialMap/macro.c.o
                0x0000000000007028                tm2_guide
 .rodata.tm37_guide
                0x000000000000702d        0x5 CMakeFiles/kiibohd.elf.dir/Macro/PartialMap/macro.c.o
                0x000000000000702d                tm37_guide
 *fill*         0x0000000000007032        0x2 
 .rodata.default_tl_0x30
                0x0000000000007034        0x8 CMakeFiles/kiibohd.elf.dir/Macro/PartialMap/macro.c.o
                0x0000000000007034                default_tl_0x30
 .rodata.default_tl_0x31
                0x000000000000703c        0x8 CMakeFiles/kiibohd.elf.dir/Macro/PartialMap/macro.c.o
                0x000000000000703c                default_tl_0x31
 .rodata.default_tl_0x32
                0x0000000000007044        0x8 CMakeFiles/kiibohd.elf.dir/Macro/PartialMap/macro.c.o
                0x0000000000007044                default_tl_0x32
 .rodata.default_tl_0x33
                0x000000000000704c        0x8 CMakeFiles/kiibohd.elf.dir/Macro/PartialMap/macro.c.o
                0x000000000000704c                default_tl_0x33
 .rodata.default_tl_0x34
                0x0000000000007054        0x8 CMakeFiles/kiibohd.elf.dir/Macro/PartialMap/macro.c.o
                0x0000000000007054                default_tl_0x34
 .rodata.default_tl_0x35
                0x000000000000705c        0x8 CMakeFiles/kiibohd.elf.dir/Macro/PartialMap/macro.c.o
                0x000000000000705c                default_tl_0x35
 .rodata.default_tl_0x36
                0x0000000000007064        0x8 CMakeFiles/kiibohd.elf.dir/Macro/PartialMap/macro.c.o
                0x0000000000007064                default_tl_0x36
 .rodata.default_tl_0x37
                0x000000000000706c        0x8 CMakeFiles/kiibohd.elf.dir/Macro/PartialMap/macro.c.o
                0x000000000000706c                default_tl_0x37
 .rodata.default_tl_0x38
                0x0000000000007074        0x8 CMakeFiles/kiibohd.elf.dir/Macro/PartialMap/macro.c.o
                0x0000000000007074                default_tl_0x38
 .rodata.default_tl_0x39
                0x000000000000707c        0x8 CMakeFiles/kiibohd.elf.dir/Macro/PartialMap/macro.c.o
                0x000000000000707c                default_tl_0x39
 .rodata.default_tl_0x3A
                0x0000000000007084        0x8 CMakeFiles/kiibohd.elf.dir/Macro/PartialMap/macro.c.o
                0x0000000000007084                default_tl_0x3A
 .rodata.default_tl_0x3B
                0x000000000000708c        0x8 CMakeFiles/kiibohd.elf.dir/Macro/PartialMap/macro.c.o
                0x000000000000708c                default_tl_0x3B
 .rodata.default_tl_0x3C
                0x0000000000007094        0x8 CMakeFiles/kiibohd.elf.dir/Macro/PartialMap/macro.c.o
                0x0000000000007094                default_tl_0x3C
 .rodata.default_tl_0x3D
                0x000000000000709c        0x8 CMakeFiles/kiibohd.elf.dir/Macro/PartialMap/macro.c.o
                0x000000000000709c                default_tl_0x3D
 .rodata.default_tl_0x3E
                0x00000000000070a4        0x8 CMakeFiles/kiibohd.elf.dir/Macro/PartialMap/macro.c.o
                0x00000000000070a4                default_tl_0x3E
 .rodata.default_tl_0x3F
                0x00000000000070ac        0xc CMakeFiles/kiibohd.elf.dir/Macro/PartialMap/macro.c.o
                0x00000000000070ac                default_tl_0x3F
 .rodata.rm81_guide
                0x00000000000070b8        0x4 CMakeFiles/kiibohd.elf.dir/Macro/PartialMap/macro.c.o
                0x00000000000070b8                rm81_guide
 .rodata.macroStepCLIDict_DescEntry
                0x00000000000070bc       0x2c CMakeFiles/kiibohd.elf.dir/Macro/PartialMap/macro.c.o
                0x00000000000070bc                macroStepCLIDict_DescEntry
 .rodata.rm53_guide
                0x00000000000070e8        0x4 CMakeFiles/kiibohd.elf.dir/Macro/PartialMap/macro.c.o
                0x00000000000070e8                rm53_guide
 .rodata.rm25_guide
                0x00000000000070ec        0x4 CMakeFiles/kiibohd.elf.dir/Macro/PartialMap/macro.c.o
                0x00000000000070ec                rm25_guide
 .rodata.tm3_guide
                0x00000000000070f0        0x5 CMakeFiles/kiibohd.elf.dir/Macro/PartialMap/macro.c.o
                0x00000000000070f0                tm3_guide
 .rodata.rm21_guide
                0x00000000000070f5        0x4 CMakeFiles/kiibohd.elf.dir/Macro/PartialMap/macro.c.o
                0x00000000000070f5                rm21_guide
 .rodata.capSelectCLIDict_DescEntry
                0x00000000000070f9       0x76 CMakeFiles/kiibohd.elf.dir/Macro/PartialMap/macro.c.o
                0x00000000000070f9                capSelectCLIDict_DescEntry
 .rodata.rm77_guide
                0x000000000000716f        0x4 CMakeFiles/kiibohd.elf.dir/Macro/PartialMap/macro.c.o
                0x000000000000716f                rm77_guide
 .rodata.tm76_guide
                0x0000000000007173        0x5 CMakeFiles/kiibohd.elf.dir/Macro/PartialMap/macro.c.o
                0x0000000000007173                tm76_guide
 .rodata.rm49_guide
                0x0000000000007178        0x4 CMakeFiles/kiibohd.elf.dir/Macro/PartialMap/macro.c.o
                0x0000000000007178                rm49_guide
 .rodata.layer1_tl_0x01
                0x000000000000717c        0x8 CMakeFiles/kiibohd.elf.dir/Macro/PartialMap/macro.c.o
                0x000000000000717c                layer1_tl_0x01
 .rodata.layer1_tl_0x02
                0x0000000000007184        0x8 CMakeFiles/kiibohd.elf.dir/Macro/PartialMap/macro.c.o
                0x0000000000007184                layer1_tl_0x02
 .rodata.layer1_tl_0x03
                0x000000000000718c        0x8 CMakeFiles/kiibohd.elf.dir/Macro/PartialMap/macro.c.o
                0x000000000000718c                layer1_tl_0x03
 .rodata.layer1_tl_0x04
                0x0000000000007194        0x8 CMakeFiles/kiibohd.elf.dir/Macro/PartialMap/macro.c.o
                0x0000000000007194                layer1_tl_0x04
 .rodata.layer1_tl_0x05
                0x000000000000719c        0x8 CMakeFiles/kiibohd.elf.dir/Macro/PartialMap/macro.c.o
                0x000000000000719c                layer1_tl_0x05
 .rodata.layer1_tl_0x06
                0x00000000000071a4        0x8 CMakeFiles/kiibohd.elf.dir/Macro/PartialMap/macro.c.o
                0x00000000000071a4                layer1_tl_0x06
 .rodata.layer1_tl_0x07
                0x00000000000071ac        0x8 CMakeFiles/kiibohd.elf.dir/Macro/PartialMap/macro.c.o
                0x00000000000071ac                layer1_tl_0x07
 .rodata.layer1_tl_0x08
                0x00000000000071b4        0x8 CMakeFiles/kiibohd.elf.dir/Macro/PartialMap/macro.c.o
                0x00000000000071b4                layer1_tl_0x08
 .rodata.layer1_tl_0x09
                0x00000000000071bc        0x8 CMakeFiles/kiibohd.elf.dir/Macro/PartialMap/macro.c.o
                0x00000000000071bc                layer1_tl_0x09
 .rodata.tm78_guide
                0x00000000000071c4        0x5 CMakeFiles/kiibohd.elf.dir/Macro/PartialMap/macro.c.o
                0x00000000000071c4                tm78_guide
 *fill*         0x00000000000071c9        0x3 
 .rodata.macroCLIDict
                0x00000000000071cc       0xa8 CMakeFiles/kiibohd.elf.dir/Macro/PartialMap/macro.c.o
                0x00000000000071cc                macroCLIDict
 .rodata.rm85_guide
                0x0000000000007274        0x4 CMakeFiles/kiibohd.elf.dir/Macro/PartialMap/macro.c.o
                0x0000000000007274                rm85_guide
 .rodata.default_tl_0x40
                0x0000000000007278        0x8 CMakeFiles/kiibohd.elf.dir/Macro/PartialMap/macro.c.o
                0x0000000000007278                default_tl_0x40
 .rodata.rm79_guide
                0x0000000000007280        0x4 CMakeFiles/kiibohd.elf.dir/Macro/PartialMap/macro.c.o
                0x0000000000007280                rm79_guide
 .rodata.layer1_tl_0x0A
                0x0000000000007284        0x8 CMakeFiles/kiibohd.elf.dir/Macro/PartialMap/macro.c.o
                0x0000000000007284                layer1_tl_0x0A
 .rodata.layer1_tl_0x0B
                0x000000000000728c        0x8 CMakeFiles/kiibohd.elf.dir/Macro/PartialMap/macro.c.o
                0x000000000000728c                layer1_tl_0x0B
 .rodata.layer1_tl_0x0C
                0x0000000000007294        0x8 CMakeFiles/kiibohd.elf.dir/Macro/PartialMap/macro.c.o
                0x0000000000007294                layer1_tl_0x0C
 .rodata.layer1_tl_0x0D
                0x000000000000729c        0x4 CMakeFiles/kiibohd.elf.dir/Macro/PartialMap/macro.c.o
                0x000000000000729c                layer1_tl_0x0D
 .rodata.layer1_tl_0x0E
                0x00000000000072a0        0x4 CMakeFiles/kiibohd.elf.dir/Macro/PartialMap/macro.c.o
                0x00000000000072a0                layer1_tl_0x0E
 .rodata.layer1_tl_0x0F
                0x00000000000072a4        0x8 CMakeFiles/kiibohd.elf.dir/Macro/PartialMap/macro.c.o
                0x00000000000072a4                layer1_tl_0x0F
 .rodata.rm12_guide
                0x00000000000072ac        0x4 CMakeFiles/kiibohd.elf.dir/Macro/PartialMap/macro.c.o
                0x00000000000072ac                rm12_guide
 .rodata.capListCLIDict_DescEntry
                0x00000000000072b0       0x3c CMakeFiles/kiibohd.elf.dir/Macro/PartialMap/macro.c.o
                0x00000000000072b0                capListCLIDict_DescEntry
 .rodata.rm70_guide
                0x00000000000072ec        0x4 CMakeFiles/kiibohd.elf.dir/Macro/PartialMap/macro.c.o
                0x00000000000072ec                rm70_guide
 .rodata.tm13_guide
                0x00000000000072f0        0x5 CMakeFiles/kiibohd.elf.dir/Macro/PartialMap/macro.c.o
                0x00000000000072f0                tm13_guide
 .rodata.rm42_guide
                0x00000000000072f5        0x4 CMakeFiles/kiibohd.elf.dir/Macro/PartialMap/macro.c.o
                0x00000000000072f5                rm42_guide
 *fill*         0x00000000000072f9        0x3 
 .rodata.ResultMacroList
                0x00000000000072fc      0x180 CMakeFiles/kiibohd.elf.dir/Macro/PartialMap/macro.c.o
                0x00000000000072fc                ResultMacroList
 .rodata.rm66_guide
                0x000000000000747c        0x4 CMakeFiles/kiibohd.elf.dir/Macro/PartialMap/macro.c.o
                0x000000000000747c                rm66_guide
 .rodata.rm38_guide
                0x0000000000007480        0x4 CMakeFiles/kiibohd.elf.dir/Macro/PartialMap/macro.c.o
                0x0000000000007480                rm38_guide
 .rodata.tm71_guide
                0x0000000000007484        0x5 CMakeFiles/kiibohd.elf.dir/Macro/PartialMap/macro.c.o
                0x0000000000007484                tm71_guide
 .rodata.rm5_guide
                0x0000000000007489        0x4 CMakeFiles/kiibohd.elf.dir/Macro/PartialMap/macro.c.o
                0x0000000000007489                rm5_guide
 .rodata.tm43_guide
                0x000000000000748d        0x5 CMakeFiles/kiibohd.elf.dir/Macro/PartialMap/macro.c.o
                0x000000000000748d                tm43_guide
 *fill*         0x0000000000007492        0x2 
 .rodata.layer1_tl_0x11
                0x0000000000007494        0x4 CMakeFiles/kiibohd.elf.dir/Macro/PartialMap/macro.c.o
                0x0000000000007494                layer1_tl_0x11
 .rodata.layer1_tl_0x12
                0x0000000000007498        0x4 CMakeFiles/kiibohd.elf.dir/Macro/PartialMap/macro.c.o
                0x0000000000007498                layer1_tl_0x12
 .rodata.layer1_tl_0x13
                0x000000000000749c        0x4 CMakeFiles/kiibohd.elf.dir/Macro/PartialMap/macro.c.o
                0x000000000000749c                layer1_tl_0x13
 .rodata.tm95_guide
                0x00000000000074a0        0x5 CMakeFiles/kiibohd.elf.dir/Macro/PartialMap/macro.c.o
                0x00000000000074a0                tm95_guide
 *fill*         0x00000000000074a5        0x3 
 .rodata.layer1_tl_0x15
                0x00000000000074a8        0x4 CMakeFiles/kiibohd.elf.dir/Macro/PartialMap/macro.c.o
                0x00000000000074a8                layer1_tl_0x15
 .rodata.layer1_tl_0x16
                0x00000000000074ac        0x4 CMakeFiles/kiibohd.elf.dir/Macro/PartialMap/macro.c.o
                0x00000000000074ac                layer1_tl_0x16
 .rodata.layer1_tl_0x17
                0x00000000000074b0        0x4 CMakeFiles/kiibohd.elf.dir/Macro/PartialMap/macro.c.o
                0x00000000000074b0                layer1_tl_0x17
 .rodata.layer1_tl_0x18
                0x00000000000074b4        0x4 CMakeFiles/kiibohd.elf.dir/Macro/PartialMap/macro.c.o
                0x00000000000074b4                layer1_tl_0x18
 .rodata.layer1_tl_0x19
                0x00000000000074b8        0x4 CMakeFiles/kiibohd.elf.dir/Macro/PartialMap/macro.c.o
                0x00000000000074b8                layer1_tl_0x19
 .rodata.tm39_guide
                0x00000000000074bc        0x5 CMakeFiles/kiibohd.elf.dir/Macro/PartialMap/macro.c.o
                0x00000000000074bc                tm39_guide
 *fill*         0x00000000000074c1        0x3 
 .rodata.layer1_tl_0x1A
                0x00000000000074c4        0x4 CMakeFiles/kiibohd.elf.dir/Macro/PartialMap/macro.c.o
                0x00000000000074c4                layer1_tl_0x1A
 .rodata.layer1_tl_0x1B
                0x00000000000074c8        0x4 CMakeFiles/kiibohd.elf.dir/Macro/PartialMap/macro.c.o
                0x00000000000074c8                layer1_tl_0x1B
 .rodata.layer1_tl_0x1C
                0x00000000000074cc        0x4 CMakeFiles/kiibohd.elf.dir/Macro/PartialMap/macro.c.o
                0x00000000000074cc                layer1_tl_0x1C
 .rodata.layer1_tl_0x1D
                0x00000000000074d0        0x4 CMakeFiles/kiibohd.elf.dir/Macro/PartialMap/macro.c.o
                0x00000000000074d0                layer1_tl_0x1D
 .rodata.layer1_tl_0x1E
                0x00000000000074d4        0x8 CMakeFiles/kiibohd.elf.dir/Macro/PartialMap/macro.c.o
                0x00000000000074d4                layer1_tl_0x1E
 .rodata.layer1_tl_0x1F
                0x00000000000074dc        0x4 CMakeFiles/kiibohd.elf.dir/Macro/PartialMap/macro.c.o
                0x00000000000074dc                layer1_tl_0x1F
 .rodata.tm18_guide
                0x00000000000074e0        0x5 CMakeFiles/kiibohd.elf.dir/Macro/PartialMap/macro.c.o
                0x00000000000074e0                tm18_guide
 .rodata.rm94_guide
                0x00000000000074e5        0x7 CMakeFiles/kiibohd.elf.dir/Macro/PartialMap/macro.c.o
                0x00000000000074e5                rm94_guide
 .rodata.tm97_guide
                0x00000000000074ec        0x5 CMakeFiles/kiibohd.elf.dir/Macro/PartialMap/macro.c.o
                0x00000000000074ec                tm97_guide
 .rodata.tm30_guide
                0x00000000000074f1        0x5 CMakeFiles/kiibohd.elf.dir/Macro/PartialMap/macro.c.o
                0x00000000000074f1                tm30_guide
 .rodata.rm31_guide
                0x00000000000074f6        0x4 CMakeFiles/kiibohd.elf.dir/Macro/PartialMap/macro.c.o
                0x00000000000074f6                rm31_guide
 .rodata.rm83_guide
                0x00000000000074fa        0x4 CMakeFiles/kiibohd.elf.dir/Macro/PartialMap/macro.c.o
                0x00000000000074fa                rm83_guide
 .rodata.rm55_guide
                0x00000000000074fe        0x4 CMakeFiles/kiibohd.elf.dir/Macro/PartialMap/macro.c.o
                0x00000000000074fe                rm55_guide
 .rodata.rm27_guide
                0x0000000000007502        0x4 CMakeFiles/kiibohd.elf.dir/Macro/PartialMap/macro.c.o
                0x0000000000007502                rm27_guide
 .rodata.tm60_guide
                0x0000000000007506        0x5 CMakeFiles/kiibohd.elf.dir/Macro/PartialMap/macro.c.o
                0x0000000000007506                tm60_guide
 .rodata.tm84_guide
                0x000000000000750b        0x5 CMakeFiles/kiibohd.elf.dir/Macro/PartialMap/macro.c.o
                0x000000000000750b                tm84_guide
 .rodata.layer1_tl_0x20
                0x0000000000007510        0x4 CMakeFiles/kiibohd.elf.dir/Macro/PartialMap/macro.c.o
                0x0000000000007510                layer1_tl_0x20
 .rodata.layer1_tl_0x21
                0x0000000000007514        0x4 CMakeFiles/kiibohd.elf.dir/Macro/PartialMap/macro.c.o
                0x0000000000007514                layer1_tl_0x21
 .rodata.tm56_guide
                0x0000000000007518        0x5 CMakeFiles/kiibohd.elf.dir/Macro/PartialMap/macro.c.o
                0x0000000000007518                tm56_guide
 *fill*         0x000000000000751d        0x3 
 .rodata.layer1_tl_0x23
                0x0000000000007520        0x4 CMakeFiles/kiibohd.elf.dir/Macro/PartialMap/macro.c.o
                0x0000000000007520                layer1_tl_0x23
 .rodata.layer1_tl_0x24
                0x0000000000007524        0x4 CMakeFiles/kiibohd.elf.dir/Macro/PartialMap/macro.c.o
                0x0000000000007524                layer1_tl_0x24
 .rodata.tm28_guide
                0x0000000000007528        0x5 CMakeFiles/kiibohd.elf.dir/Macro/PartialMap/macro.c.o
                0x0000000000007528                tm28_guide
 *fill*         0x000000000000752d        0x3 
 .rodata.layer1_tl_0x26
                0x0000000000007530        0x8 CMakeFiles/kiibohd.elf.dir/Macro/PartialMap/macro.c.o
                0x0000000000007530                layer1_tl_0x26
 .rodata.layer1_tl_0x27
                0x0000000000007538        0x8 CMakeFiles/kiibohd.elf.dir/Macro/PartialMap/macro.c.o
                0x0000000000007538                layer1_tl_0x27
 .rodata.layer1_tl_0x28
                0x0000000000007540        0x8 CMakeFiles/kiibohd.elf.dir/Macro/PartialMap/macro.c.o
                0x0000000000007540                layer1_tl_0x28
 .rodata.layer1_tl_0x29
                0x0000000000007548        0x4 CMakeFiles/kiibohd.elf.dir/Macro/PartialMap/macro.c.o
                0x0000000000007548                layer1_tl_0x29
 .rodata.layer1_tl_0x2A
                0x000000000000754c        0x4 CMakeFiles/kiibohd.elf.dir/Macro/PartialMap/macro.c.o
                0x000000000000754c                layer1_tl_0x2A
 .rodata.layer1_tl_0x2B
                0x0000000000007550        0x4 CMakeFiles/kiibohd.elf.dir/Macro/PartialMap/macro.c.o
                0x0000000000007550                layer1_tl_0x2B
 .rodata.layer1_tl_0x2C
                0x0000000000007554        0x4 CMakeFiles/kiibohd.elf.dir/Macro/PartialMap/macro.c.o
                0x0000000000007554                layer1_tl_0x2C
 .rodata.layer1_tl_0x2D
                0x0000000000007558        0x8 CMakeFiles/kiibohd.elf.dir/Macro/PartialMap/macro.c.o
                0x0000000000007558                layer1_tl_0x2D
 .rodata.layer1_tl_0x2E
                0x0000000000007560        0x8 CMakeFiles/kiibohd.elf.dir/Macro/PartialMap/macro.c.o
                0x0000000000007560                layer1_tl_0x2E
 .rodata.layer1_tl_0x2F
                0x0000000000007568        0x4 CMakeFiles/kiibohd.elf.dir/Macro/PartialMap/macro.c.o
                0x0000000000007568                layer1_tl_0x2F
 .rodata.CapabilitiesList
                0x000000000000756c       0x78 CMakeFiles/kiibohd.elf.dir/Macro/PartialMap/macro.c.o
                0x000000000000756c                CapabilitiesList
 .rodata.keyPressCLIDict_DescEntry
                0x00000000000075e4       0x6e CMakeFiles/kiibohd.elf.dir/Macro/PartialMap/macro.c.o
                0x00000000000075e4                keyPressCLIDict_DescEntry
 .rodata.rm72_guide
                0x0000000000007652        0x4 CMakeFiles/kiibohd.elf.dir/Macro/PartialMap/macro.c.o
                0x0000000000007652                rm72_guide
 .rodata.tm15_guide
                0x0000000000007656        0x5 CMakeFiles/kiibohd.elf.dir/Macro/PartialMap/macro.c.o
                0x0000000000007656                tm15_guide
 .rodata.rm44_guide
                0x000000000000765b        0x4 CMakeFiles/kiibohd.elf.dir/Macro/PartialMap/macro.c.o
                0x000000000000765b                rm44_guide
 .rodata.rm16_guide
                0x000000000000765f        0x4 CMakeFiles/kiibohd.elf.dir/Macro/PartialMap/macro.c.o
                0x000000000000765f                rm16_guide
 .rodata.rm68_guide
                0x0000000000007663        0x4 CMakeFiles/kiibohd.elf.dir/Macro/PartialMap/macro.c.o
                0x0000000000007663                rm68_guide
 .rodata.tm87_guide
                0x0000000000007667        0x5 CMakeFiles/kiibohd.elf.dir/Macro/PartialMap/macro.c.o
                0x0000000000007667                tm87_guide
 .rodata.tm73_guide
                0x000000000000766c        0x5 CMakeFiles/kiibohd.elf.dir/Macro/PartialMap/macro.c.o
                0x000000000000766c                tm73_guide
 .rodata.rm7_guide
                0x0000000000007671        0x4 CMakeFiles/kiibohd.elf.dir/Macro/PartialMap/macro.c.o
                0x0000000000007671                rm7_guide
 .rodata.tm45_guide
                0x0000000000007675        0x5 CMakeFiles/kiibohd.elf.dir/Macro/PartialMap/macro.c.o
                0x0000000000007675                tm45_guide
 .rodata.tm17_guide
                0x000000000000767a        0x5 CMakeFiles/kiibohd.elf.dir/Macro/PartialMap/macro.c.o
                0x000000000000767a                tm17_guide
 *fill*         0x000000000000767f        0x1 
 .rodata.layer1_tl_0x31
                0x0000000000007680        0x4 CMakeFiles/kiibohd.elf.dir/Macro/PartialMap/macro.c.o
                0x0000000000007680                layer1_tl_0x31
 .rodata.layer1_tl_0x32
                0x0000000000007684        0x4 CMakeFiles/kiibohd.elf.dir/Macro/PartialMap/macro.c.o
                0x0000000000007684                layer1_tl_0x32
 .rodata.layer1_tl_0x33
                0x0000000000007688        0x8 CMakeFiles/kiibohd.elf.dir/Macro/PartialMap/macro.c.o
                0x0000000000007688                layer1_tl_0x33
 .rodata.layer1_tl_0x34
                0x0000000000007690        0x4 CMakeFiles/kiibohd.elf.dir/Macro/PartialMap/macro.c.o
                0x0000000000007690                layer1_tl_0x34
 .rodata.layer1_tl_0x35
                0x0000000000007694        0x4 CMakeFiles/kiibohd.elf.dir/Macro/PartialMap/macro.c.o
                0x0000000000007694                layer1_tl_0x35
 .rodata.layer1_tl_0x36
                0x0000000000007698        0x4 CMakeFiles/kiibohd.elf.dir/Macro/PartialMap/macro.c.o
                0x0000000000007698                layer1_tl_0x36
 .rodata.layer1_tl_0x37
                0x000000000000769c        0x4 CMakeFiles/kiibohd.elf.dir/Macro/PartialMap/macro.c.o
                0x000000000000769c                layer1_tl_0x37
 .rodata.layer1_tl_0x38
                0x00000000000076a0        0x4 CMakeFiles/kiibohd.elf.dir/Macro/PartialMap/macro.c.o
                0x00000000000076a0                layer1_tl_0x38
 .rodata.tm11_guide
                0x00000000000076a4        0x5 CMakeFiles/kiibohd.elf.dir/Macro/PartialMap/macro.c.o
                0x00000000000076a4                tm11_guide
 *fill*         0x00000000000076a9        0x3 
 .rodata.layer1_tl_0x3A
                0x00000000000076ac        0x4 CMakeFiles/kiibohd.elf.dir/Macro/PartialMap/macro.c.o
                0x00000000000076ac                layer1_tl_0x3A
 .rodata.layer1_tl_0x3B
                0x00000000000076b0        0x4 CMakeFiles/kiibohd.elf.dir/Macro/PartialMap/macro.c.o
                0x00000000000076b0                layer1_tl_0x3B
 .rodata.layer1_tl_0x3C
                0x00000000000076b4        0x8 CMakeFiles/kiibohd.elf.dir/Macro/PartialMap/macro.c.o
                0x00000000000076b4                layer1_tl_0x3C
 .rodata.layer1_tl_0x3D
                0x00000000000076bc        0x4 CMakeFiles/kiibohd.elf.dir/Macro/PartialMap/macro.c.o
                0x00000000000076bc                layer1_tl_0x3D
 .rodata.layer1_tl_0x3E
                0x00000000000076c0        0x4 CMakeFiles/kiibohd.elf.dir/Macro/PartialMap/macro.c.o
                0x00000000000076c0                layer1_tl_0x3E
 .rodata.layer1_tl_0x3F
                0x00000000000076c4        0x4 CMakeFiles/kiibohd.elf.dir/Macro/PartialMap/macro.c.o
                0x00000000000076c4                layer1_tl_0x3F
 .rodata.macroDebugCLIDict_DescEntry
                0x00000000000076c8       0x51 CMakeFiles/kiibohd.elf.dir/Macro/PartialMap/macro.c.o
                0x00000000000076c8                macroDebugCLIDict_DescEntry
 .rodata.tm99_guide
                0x0000000000007719        0x5 CMakeFiles/kiibohd.elf.dir/Macro/PartialMap/macro.c.o
                0x0000000000007719                tm99_guide
 .rodata.tm32_guide
                0x000000000000771e        0x5 CMakeFiles/kiibohd.elf.dir/Macro/PartialMap/macro.c.o
                0x000000000000771e                tm32_guide
 .rodata.rm61_guide
                0x0000000000007723        0x4 CMakeFiles/kiibohd.elf.dir/Macro/PartialMap/macro.c.o
                0x0000000000007723                rm61_guide
 .rodata.rm33_guide
                0x0000000000007727        0x4 CMakeFiles/kiibohd.elf.dir/Macro/PartialMap/macro.c.o
                0x0000000000007727                rm33_guide
 .rodata.rm14_guide
                0x000000000000772b        0x4 CMakeFiles/kiibohd.elf.dir/Macro/PartialMap/macro.c.o
                0x000000000000772b                rm14_guide
 .rodata.rm57_guide
                0x000000000000772f        0x4 CMakeFiles/kiibohd.elf.dir/Macro/PartialMap/macro.c.o
                0x000000000000772f                rm57_guide
 .rodata.rm29_guide
                0x0000000000007733        0x4 CMakeFiles/kiibohd.elf.dir/Macro/PartialMap/macro.c.o
                0x0000000000007733                rm29_guide
 *fill*         0x0000000000007737        0x1 
 .rodata.layer1_tl_0x10
                0x0000000000007738        0x4 CMakeFiles/kiibohd.elf.dir/Macro/PartialMap/macro.c.o
                0x0000000000007738                layer1_tl_0x10
 .rodata.tm90_guide
                0x000000000000773c        0x5 CMakeFiles/kiibohd.elf.dir/Macro/PartialMap/macro.c.o
                0x000000000000773c                tm90_guide
 .rodata.tm62_guide
                0x0000000000007741        0x5 CMakeFiles/kiibohd.elf.dir/Macro/PartialMap/macro.c.o
                0x0000000000007741                tm62_guide
 *fill*         0x0000000000007746        0x2 
 .rodata.TriggerMacroList
                0x0000000000007748      0x320 CMakeFiles/kiibohd.elf.dir/Macro/PartialMap/macro.c.o
                0x0000000000007748                TriggerMacroList
 .rodata.tm34_guide
                0x0000000000007a68        0x5 CMakeFiles/kiibohd.elf.dir/Macro/PartialMap/macro.c.o
                0x0000000000007a68                tm34_guide
 .rodata.tm86_guide
                0x0000000000007a6d        0x5 CMakeFiles/kiibohd.elf.dir/Macro/PartialMap/macro.c.o
                0x0000000000007a6d                tm86_guide
 .rodata.tm58_guide
                0x0000000000007a72        0x8 CMakeFiles/kiibohd.elf.dir/Macro/PartialMap/macro.c.o
                0x0000000000007a72                tm58_guide
 .rodata.rm87_guide
                0x0000000000007a7a        0x4 CMakeFiles/kiibohd.elf.dir/Macro/PartialMap/macro.c.o
                0x0000000000007a7a                rm87_guide
 *fill*         0x0000000000007a7e        0x2 
 .rodata.layer1_tl_0x41
                0x0000000000007a80        0x4 CMakeFiles/kiibohd.elf.dir/Macro/PartialMap/macro.c.o
                0x0000000000007a80                layer1_tl_0x41
 .rodata.layer1_tl_0x42
                0x0000000000007a84        0x4 CMakeFiles/kiibohd.elf.dir/Macro/PartialMap/macro.c.o
                0x0000000000007a84                layer1_tl_0x42
 .rodata.layer1_tl_0x43
                0x0000000000007a88        0x4 CMakeFiles/kiibohd.elf.dir/Macro/PartialMap/macro.c.o
                0x0000000000007a88                layer1_tl_0x43
 .rodata.layer1_tl_0x44
                0x0000000000007a8c        0x8 CMakeFiles/kiibohd.elf.dir/Macro/PartialMap/macro.c.o
                0x0000000000007a8c                layer1_tl_0x44
 .rodata.layer1_tl_0x45
                0x0000000000007a94        0x4 CMakeFiles/kiibohd.elf.dir/Macro/PartialMap/macro.c.o
                0x0000000000007a94                layer1_tl_0x45
 .rodata.layer1_tl_0x46
                0x0000000000007a98        0x8 CMakeFiles/kiibohd.elf.dir/Macro/PartialMap/macro.c.o
                0x0000000000007a98                layer1_tl_0x46
 .rodata.rm20_guide
                0x0000000000007aa0        0x4 CMakeFiles/kiibohd.elf.dir/Macro/PartialMap/macro.c.o
                0x0000000000007aa0                rm20_guide
 .rodata.tm21_guide
                0x0000000000007aa4        0x5 CMakeFiles/kiibohd.elf.dir/Macro/PartialMap/macro.c.o
                0x0000000000007aa4                tm21_guide
 .rodata.rm50_guide
                0x0000000000007aa9        0x4 CMakeFiles/kiibohd.elf.dir/Macro/PartialMap/macro.c.o
                0x0000000000007aa9                rm50_guide
 .rodata.rm2_guide
                0x0000000000007aad        0x4 CMakeFiles/kiibohd.elf.dir/Macro/PartialMap/macro.c.o
                0x0000000000007aad                rm2_guide
 .rodata.rm22_guide
                0x0000000000007ab1        0x4 CMakeFiles/kiibohd.elf.dir/Macro/PartialMap/macro.c.o
                0x0000000000007ab1                rm22_guide
 .rodata.rm74_guide
                0x0000000000007ab5        0x4 CMakeFiles/kiibohd.elf.dir/Macro/PartialMap/macro.c.o
                0x0000000000007ab5                rm74_guide
 .rodata.rm46_guide
                0x0000000000007ab9        0x4 CMakeFiles/kiibohd.elf.dir/Macro/PartialMap/macro.c.o
                0x0000000000007ab9                rm46_guide
 .rodata.rm18_guide
                0x0000000000007abd        0x4 CMakeFiles/kiibohd.elf.dir/Macro/PartialMap/macro.c.o
                0x0000000000007abd                rm18_guide
 .rodata.tm0_guide
                0x0000000000007ac1        0x5 CMakeFiles/kiibohd.elf.dir/Macro/PartialMap/macro.c.o
                0x0000000000007ac1                tm0_guide
 .rodata.tm51_guide
                0x0000000000007ac6        0x5 CMakeFiles/kiibohd.elf.dir/Macro/PartialMap/macro.c.o
                0x0000000000007ac6                tm51_guide
 .rodata.tm75_guide
                0x0000000000007acb        0x5 CMakeFiles/kiibohd.elf.dir/Macro/PartialMap/macro.c.o
                0x0000000000007acb                tm75_guide
 .rodata.rm9_guide
                0x0000000000007ad0        0x4 CMakeFiles/kiibohd.elf.dir/Macro/PartialMap/macro.c.o
                0x0000000000007ad0                rm9_guide
 .rodata.tm67_guide
                0x0000000000007ad4        0x5 CMakeFiles/kiibohd.elf.dir/Macro/PartialMap/macro.c.o
                0x0000000000007ad4                tm67_guide
 .rodata.tm47_guide
                0x0000000000007ad9        0x5 CMakeFiles/kiibohd.elf.dir/Macro/PartialMap/macro.c.o
                0x0000000000007ad9                tm47_guide
 .rodata.tm19_guide
                0x0000000000007ade        0x5 CMakeFiles/kiibohd.elf.dir/Macro/PartialMap/macro.c.o
                0x0000000000007ade                tm19_guide
 .rodata.tm8_guide
                0x0000000000007ae3        0x5 CMakeFiles/kiibohd.elf.dir/Macro/PartialMap/macro.c.o
                0x0000000000007ae3                tm8_guide
 .rodata.tm6_guide
                0x0000000000007ae8        0x5 CMakeFiles/kiibohd.elf.dir/Macro/PartialMap/macro.c.o
                0x0000000000007ae8                tm6_guide
 .rodata.tm10_guide
                0x0000000000007aed        0x5 CMakeFiles/kiibohd.elf.dir/Macro/PartialMap/macro.c.o
                0x0000000000007aed                tm10_guide
 .rodata.rm91_guide
                0x0000000000007af2        0x5 CMakeFiles/kiibohd.elf.dir/Macro/PartialMap/macro.c.o
                0x0000000000007af2                rm91_guide
 .rodata.rm63_guide
                0x0000000000007af7        0x4 CMakeFiles/kiibohd.elf.dir/Macro/PartialMap/macro.c.o
                0x0000000000007af7                rm63_guide
 .rodata.rm35_guide
                0x0000000000007afb        0x4 CMakeFiles/kiibohd.elf.dir/Macro/PartialMap/macro.c.o
                0x0000000000007afb                rm35_guide
 .rodata.keyHoldCLIDict_DescEntry
                0x0000000000007aff       0x6d CMakeFiles/kiibohd.elf.dir/Macro/PartialMap/macro.c.o
                0x0000000000007aff                keyHoldCLIDict_DescEntry
 .rodata.rm59_guide
                0x0000000000007b6c        0x4 CMakeFiles/kiibohd.elf.dir/Macro/PartialMap/macro.c.o
                0x0000000000007b6c                rm59_guide
 .rodata.tm55_guide
                0x0000000000007b70        0x5 CMakeFiles/kiibohd.elf.dir/Macro/PartialMap/macro.c.o
                0x0000000000007b70                tm55_guide
 *fill*         0x0000000000007b75        0x3 
 .rodata.layer2_tl_0x1F
                0x0000000000007b78        0x4 CMakeFiles/kiibohd.elf.dir/Macro/PartialMap/macro.c.o
                0x0000000000007b78                layer2_tl_0x1F
 .rodata.layerDebugCLIDict_DescEntry
                0x0000000000007b7c       0x35 CMakeFiles/kiibohd.elf.dir/Macro/PartialMap/macro.c.o
                0x0000000000007b7c                layerDebugCLIDict_DescEntry
 .rodata.tm92_guide
                0x0000000000007bb1        0x5 CMakeFiles/kiibohd.elf.dir/Macro/PartialMap/macro.c.o
                0x0000000000007bb1                tm92_guide
 .rodata.tm64_guide
                0x0000000000007bb6        0x5 CMakeFiles/kiibohd.elf.dir/Macro/PartialMap/macro.c.o
                0x0000000000007bb6                tm64_guide
 .rodata.tm1_guide
                0x0000000000007bbb        0x5 CMakeFiles/kiibohd.elf.dir/Macro/PartialMap/macro.c.o
                0x0000000000007bbb                tm1_guide
 .rodata.layer1_tl_0x22
                0x0000000000007bc0        0x4 CMakeFiles/kiibohd.elf.dir/Macro/PartialMap/macro.c.o
                0x0000000000007bc0                layer1_tl_0x22
 .rodata.tm36_guide
                0x0000000000007bc4        0x5 CMakeFiles/kiibohd.elf.dir/Macro/PartialMap/macro.c.o
                0x0000000000007bc4                tm36_guide
 *fill*         0x0000000000007bc9        0x3 
 .rodata.layer1_tl_0x30
                0x0000000000007bcc        0x4 CMakeFiles/kiibohd.elf.dir/Macro/PartialMap/macro.c.o
                0x0000000000007bcc                layer1_tl_0x30
 .rodata.tm88_guide
                0x0000000000007bd0        0x5 CMakeFiles/kiibohd.elf.dir/Macro/PartialMap/macro.c.o
                0x0000000000007bd0                tm88_guide
 *fill*         0x0000000000007bd5        0x3 
 .rodata.layer1_tl_0x25
                0x0000000000007bd8        0x8 CMakeFiles/kiibohd.elf.dir/Macro/PartialMap/macro.c.o
                0x0000000000007bd8                layer1_tl_0x25
 .rodata.rm89_guide
                0x0000000000007be0        0x4 CMakeFiles/kiibohd.elf.dir/Macro/PartialMap/macro.c.o
                0x0000000000007be0                rm89_guide
 .rodata.tm82_guide
                0x0000000000007be4        0x5 CMakeFiles/kiibohd.elf.dir/Macro/PartialMap/macro.c.o
                0x0000000000007be4                tm82_guide
 *fill*         0x0000000000007be9        0x3 
 .rodata.layer2_tl_0x1E
                0x0000000000007bec        0x8 CMakeFiles/kiibohd.elf.dir/Macro/PartialMap/macro.c.o
                0x0000000000007bec                layer2_tl_0x1E
 .rodata.tm59_guide
                0x0000000000007bf4        0x5 CMakeFiles/kiibohd.elf.dir/Macro/PartialMap/macro.c.o
                0x0000000000007bf4                tm59_guide
 *fill*         0x0000000000007bf9        0x3 
 .rodata.layer2_tl_0x20
                0x0000000000007bfc        0x4 CMakeFiles/kiibohd.elf.dir/Macro/PartialMap/macro.c.o
                0x0000000000007bfc                layer2_tl_0x20
 .rodata.rm80_guide
                0x0000000000007c00        0x4 CMakeFiles/kiibohd.elf.dir/Macro/PartialMap/macro.c.o
                0x0000000000007c00                rm80_guide
 .rodata.layer2_tl_0x22
                0x0000000000007c04        0x4 CMakeFiles/kiibohd.elf.dir/Macro/PartialMap/macro.c.o
                0x0000000000007c04                layer2_tl_0x22
 .rodata.tm23_guide
                0x0000000000007c08        0x5 CMakeFiles/kiibohd.elf.dir/Macro/PartialMap/macro.c.o
                0x0000000000007c08                tm23_guide
 .rodata.macroProcCLIDict_DescEntry
                0x0000000000007c0d       0x1f CMakeFiles/kiibohd.elf.dir/Macro/PartialMap/macro.c.o
                0x0000000000007c0d                macroProcCLIDict_DescEntry
 .rodata.tm4_guide
                0x0000000000007c2c        0x5 CMakeFiles/kiibohd.elf.dir/Macro/PartialMap/macro.c.o
                0x0000000000007c2c                tm4_guide
 *fill*         0x0000000000007c31        0x3 
 .rodata.layer2_tl_0x26
                0x0000000000007c34        0x4 CMakeFiles/kiibohd.elf.dir/Macro/PartialMap/macro.c.o
                0x0000000000007c34                layer2_tl_0x26
 .rodata.rm24_guide
                0x0000000000007c38        0x4 CMakeFiles/kiibohd.elf.dir/Macro/PartialMap/macro.c.o
                0x0000000000007c38                rm24_guide
 .rodata.layer2_tl_0x28
                0x0000000000007c3c        0x4 CMakeFiles/kiibohd.elf.dir/Macro/PartialMap/macro.c.o
                0x0000000000007c3c                layer2_tl_0x28
 .rodata.layer2_tl_0x29
                0x0000000000007c40        0x4 CMakeFiles/kiibohd.elf.dir/Macro/PartialMap/macro.c.o
                0x0000000000007c40                layer2_tl_0x29
 .rodata.rm76_guide
                0x0000000000007c44        0x8 CMakeFiles/kiibohd.elf.dir/Macro/PartialMap/macro.c.o
                0x0000000000007c44                rm76_guide
 .rodata.rm48_guide
                0x0000000000007c4c        0x4 CMakeFiles/kiibohd.elf.dir/Macro/PartialMap/macro.c.o
                0x0000000000007c4c                rm48_guide
 .rodata.layer2_tl_0x2A
                0x0000000000007c50        0x4 CMakeFiles/kiibohd.elf.dir/Macro/PartialMap/macro.c.o
                0x0000000000007c50                layer2_tl_0x2A
 .rodata.layer2_tl_0x2B
                0x0000000000007c54        0x4 CMakeFiles/kiibohd.elf.dir/Macro/PartialMap/macro.c.o
                0x0000000000007c54                layer2_tl_0x2B
 .rodata.layer2_tl_0x2C
                0x0000000000007c58        0x4 CMakeFiles/kiibohd.elf.dir/Macro/PartialMap/macro.c.o
                0x0000000000007c58                layer2_tl_0x2C
 .rodata.layer2_tl_0x2D
                0x0000000000007c5c        0x8 CMakeFiles/kiibohd.elf.dir/Macro/PartialMap/macro.c.o
                0x0000000000007c5c                layer2_tl_0x2D
 .rodata.layer2_tl_0x2E
                0x0000000000007c64        0x4 CMakeFiles/kiibohd.elf.dir/Macro/PartialMap/macro.c.o
                0x0000000000007c64                layer2_tl_0x2E
 .rodata.layer1_tl_0x14
                0x0000000000007c68        0x4 CMakeFiles/kiibohd.elf.dir/Macro/PartialMap/macro.c.o
                0x0000000000007c68                layer1_tl_0x14
 .rodata.tm53_guide
                0x0000000000007c6c        0x5 CMakeFiles/kiibohd.elf.dir/Macro/PartialMap/macro.c.o
                0x0000000000007c6c                tm53_guide
 .rodata.tm25_guide
                0x0000000000007c71        0x5 CMakeFiles/kiibohd.elf.dir/Macro/PartialMap/macro.c.o
                0x0000000000007c71                tm25_guide
 .rodata.rm52_guide
                0x0000000000007c76        0x4 CMakeFiles/kiibohd.elf.dir/Macro/PartialMap/macro.c.o
                0x0000000000007c76                rm52_guide
 .rodata.tm77_guide
                0x0000000000007c7a        0x5 CMakeFiles/kiibohd.elf.dir/Macro/PartialMap/macro.c.o
                0x0000000000007c7a                tm77_guide
 .rodata.tm49_guide
                0x0000000000007c7f        0x5 CMakeFiles/kiibohd.elf.dir/Macro/PartialMap/macro.c.o
                0x0000000000007c7f                tm49_guide
 .rodata.rm78_guide
                0x0000000000007c84        0x5 CMakeFiles/kiibohd.elf.dir/Macro/PartialMap/macro.c.o
                0x0000000000007c84                rm78_guide
 .rodata.rm11_guide
                0x0000000000007c89        0x4 CMakeFiles/kiibohd.elf.dir/Macro/PartialMap/macro.c.o
                0x0000000000007c89                rm11_guide
 *fill*         0x0000000000007c8d        0x3 
 .rodata.LayerIndex
                0x0000000000007c90       0x24 CMakeFiles/kiibohd.elf.dir/Macro/PartialMap/macro.c.o
                0x0000000000007c90                LayerIndex
 .rodata.tm74_guide
                0x0000000000007cb4        0x5 CMakeFiles/kiibohd.elf.dir/Macro/PartialMap/macro.c.o
                0x0000000000007cb4                tm74_guide
 .rodata.tm40_guide
                0x0000000000007cb9        0x5 CMakeFiles/kiibohd.elf.dir/Macro/PartialMap/macro.c.o
                0x0000000000007cb9                tm40_guide
 .rodata.tm12_guide
                0x0000000000007cbe        0x5 CMakeFiles/kiibohd.elf.dir/Macro/PartialMap/macro.c.o
                0x0000000000007cbe                tm12_guide
 .rodata.rm41_guide
                0x0000000000007cc3        0x4 CMakeFiles/kiibohd.elf.dir/Macro/PartialMap/macro.c.o
                0x0000000000007cc3                rm41_guide
 *fill*         0x0000000000007cc7        0x1 
 .rodata.layer2_tl_0x30
                0x0000000000007cc8        0x4 CMakeFiles/kiibohd.elf.dir/Macro/PartialMap/macro.c.o
                0x0000000000007cc8                layer2_tl_0x30
 .rodata.layer2_tl_0x31
                0x0000000000007ccc        0x4 CMakeFiles/kiibohd.elf.dir/Macro/PartialMap/macro.c.o
                0x0000000000007ccc                layer2_tl_0x31
 .rodata.layer2_tl_0x32
                0x0000000000007cd0        0x4 CMakeFiles/kiibohd.elf.dir/Macro/PartialMap/macro.c.o
                0x0000000000007cd0                layer2_tl_0x32
 .rodata.rm93_guide
                0x0000000000007cd4        0x7 CMakeFiles/kiibohd.elf.dir/Macro/PartialMap/macro.c.o
                0x0000000000007cd4                rm93_guide
 *fill*         0x0000000000007cdb        0x1 
 .rodata.layer2_tl_0x34
                0x0000000000007cdc        0x4 CMakeFiles/kiibohd.elf.dir/Macro/PartialMap/macro.c.o
                0x0000000000007cdc                layer2_tl_0x34
 .rodata.layer2_tl_0x35
                0x0000000000007ce0        0x4 CMakeFiles/kiibohd.elf.dir/Macro/PartialMap/macro.c.o
                0x0000000000007ce0                layer2_tl_0x35
 .rodata.rm65_guide
                0x0000000000007ce4        0x4 CMakeFiles/kiibohd.elf.dir/Macro/PartialMap/macro.c.o
                0x0000000000007ce4                rm65_guide
 .rodata.layer2_tl_0x37
                0x0000000000007ce8        0x4 CMakeFiles/kiibohd.elf.dir/Macro/PartialMap/macro.c.o
                0x0000000000007ce8                layer2_tl_0x37
 .rodata.layer2_tl_0x38
                0x0000000000007cec        0x4 CMakeFiles/kiibohd.elf.dir/Macro/PartialMap/macro.c.o
                0x0000000000007cec                layer2_tl_0x38
 .rodata.rm37_guide
                0x0000000000007cf0        0x4 CMakeFiles/kiibohd.elf.dir/Macro/PartialMap/macro.c.o
                0x0000000000007cf0                rm37_guide
 .rodata.layer2_tl_0x23
                0x0000000000007cf4        0x8 CMakeFiles/kiibohd.elf.dir/Macro/PartialMap/macro.c.o
                0x0000000000007cf4                layer2_tl_0x23
 .rodata.layer2_tl_0x24
                0x0000000000007cfc        0x4 CMakeFiles/kiibohd.elf.dir/Macro/PartialMap/macro.c.o
                0x0000000000007cfc                layer2_tl_0x24
 .rodata.rm0_guide
                0x0000000000007d00        0x4 CMakeFiles/kiibohd.elf.dir/Macro/PartialMap/macro.c.o
                0x0000000000007d00                rm0_guide
 .rodata.layer2_tl_0x25
                0x0000000000007d04        0x4 CMakeFiles/kiibohd.elf.dir/Macro/PartialMap/macro.c.o
                0x0000000000007d04                layer2_tl_0x25
 .rodata.tm70_guide
                0x0000000000007d08        0x5 CMakeFiles/kiibohd.elf.dir/Macro/PartialMap/macro.c.o
                0x0000000000007d08                tm70_guide
 .rodata.tm26_guide
                0x0000000000007d0d        0x5 CMakeFiles/kiibohd.elf.dir/Macro/PartialMap/macro.c.o
                0x0000000000007d0d                tm26_guide
 *fill*         0x0000000000007d12        0x2 
 .rodata.layer2_tl_0x3A
                0x0000000000007d14        0x4 CMakeFiles/kiibohd.elf.dir/Macro/PartialMap/macro.c.o
                0x0000000000007d14                layer2_tl_0x3A
 .rodata.tm42_guide
                0x0000000000007d18        0x5 CMakeFiles/kiibohd.elf.dir/Macro/PartialMap/macro.c.o
                0x0000000000007d18                tm42_guide
 *fill*         0x0000000000007d1d        0x3 
 .rodata.layer2_tl_0x3C
                0x0000000000007d20        0x8 CMakeFiles/kiibohd.elf.dir/Macro/PartialMap/macro.c.o
                0x0000000000007d20                layer2_tl_0x3C
 .rodata.tm94_guide
                0x0000000000007d28        0x5 CMakeFiles/kiibohd.elf.dir/Macro/PartialMap/macro.c.o
                0x0000000000007d28                tm94_guide
 .rodata.tm66_guide
                0x0000000000007d2d        0x5 CMakeFiles/kiibohd.elf.dir/Macro/PartialMap/macro.c.o
                0x0000000000007d2d                tm66_guide
 .rodata.rm95_guide
                0x0000000000007d32        0x7 CMakeFiles/kiibohd.elf.dir/Macro/PartialMap/macro.c.o
                0x0000000000007d32                rm95_guide
 .rodata.tm38_guide
                0x0000000000007d39        0x5 CMakeFiles/kiibohd.elf.dir/Macro/PartialMap/macro.c.o
                0x0000000000007d39                tm38_guide
 *fill*         0x0000000000007d3e        0x2 
 .rodata.layer1_tl_0x39
                0x0000000000007d40        0x4 CMakeFiles/kiibohd.elf.dir/Macro/PartialMap/macro.c.o
                0x0000000000007d40                layer1_tl_0x39
 .rodata.default_tl_0x11
                0x0000000000007d44        0x8 CMakeFiles/kiibohd.elf.dir/Macro/PartialMap/macro.c.o
                0x0000000000007d44                default_tl_0x11
 .rodata.layer2_tl_0x2F
                0x0000000000007d4c        0x4 CMakeFiles/kiibohd.elf.dir/Macro/PartialMap/macro.c.o
                0x0000000000007d4c                layer2_tl_0x2F
 .rodata.default_tl_0x15
                0x0000000000007d50        0x8 CMakeFiles/kiibohd.elf.dir/Macro/PartialMap/macro.c.o
                0x0000000000007d50                default_tl_0x15
 .rodata.rm30_guide
                0x0000000000007d58        0x4 CMakeFiles/kiibohd.elf.dir/Macro/PartialMap/macro.c.o
                0x0000000000007d58                rm30_guide
 .rodata.rm82_guide
                0x0000000000007d5c        0x5 CMakeFiles/kiibohd.elf.dir/Macro/PartialMap/macro.c.o
                0x0000000000007d5c                rm82_guide
 .rodata.rm54_guide
                0x0000000000007d61        0x4 CMakeFiles/kiibohd.elf.dir/Macro/PartialMap/macro.c.o
                0x0000000000007d61                rm54_guide
 .rodata.rm26_guide
                0x0000000000007d65        0x4 CMakeFiles/kiibohd.elf.dir/Macro/PartialMap/macro.c.o
                0x0000000000007d65                rm26_guide
 *fill*         0x0000000000007d69        0x3 
 .rodata.layer2_tl_0x21
                0x0000000000007d6c        0x4 CMakeFiles/kiibohd.elf.dir/Macro/PartialMap/macro.c.o
                0x0000000000007d6c                layer2_tl_0x21
 .rodata.rm4_guide
                0x0000000000007d70        0x4 CMakeFiles/kiibohd.elf.dir/Macro/PartialMap/macro.c.o
                0x0000000000007d70                rm4_guide
 .rodata.rm8_guide
                0x0000000000007d74        0x4 CMakeFiles/kiibohd.elf.dir/Macro/PartialMap/macro.c.o
                0x0000000000007d74                rm8_guide
 .rodata.tm83_guide
                0x0000000000007d78        0x5 CMakeFiles/kiibohd.elf.dir/Macro/PartialMap/macro.c.o
                0x0000000000007d78                tm83_guide
 *fill*         0x0000000000007d7d        0x3 
 .rodata.default_tl_0x1E
                0x0000000000007d80        0x8 CMakeFiles/kiibohd.elf.dir/Macro/PartialMap/macro.c.o
                0x0000000000007d80                default_tl_0x1E
 .rodata.tm27_guide
                0x0000000000007d88        0x5 CMakeFiles/kiibohd.elf.dir/Macro/PartialMap/macro.c.o
                0x0000000000007d88                tm27_guide
 .rodata.tm79_guide